Archive member included to satisfy reference by file (symbol)

D:/APP/STM32CubeIDE_1.16.1/STM32CubeIDE/plugins/com.st.stm32cube.ide.mcu.externaltools.gnu-tools-for-stm32.13.3.rel1.win32_1.0.0.202411081344/tools/bin/../lib/gcc/arm-none-eabi/13.3.1/../../../../arm-none-eabi/lib/thumb/v7-m/nofp\libc_nano.a(libc_a-exit.o)
                              D:/APP/STM32CubeIDE_1.16.1/STM32CubeIDE/plugins/com.st.stm32cube.ide.mcu.externaltools.gnu-tools-for-stm32.13.3.rel1.win32_1.0.0.202411081344/tools/bin/../lib/gcc/arm-none-eabi/13.3.1/../../../../arm-none-eabi/lib/thumb/v7-m/nofp/crt0.o (exit)
D:/APP/STM32CubeIDE_1.16.1/STM32CubeIDE/plugins/com.st.stm32cube.ide.mcu.externaltools.gnu-tools-for-stm32.13.3.rel1.win32_1.0.0.202411081344/tools/bin/../lib/gcc/arm-none-eabi/13.3.1/../../../../arm-none-eabi/lib/thumb/v7-m/nofp\libc_nano.a(libc_a-findfp.o)
                              ./Middlewares/Third_Party/FreeRTOS/Source/tasks.o (__sf)
D:/APP/STM32CubeIDE_1.16.1/STM32CubeIDE/plugins/com.st.stm32cube.ide.mcu.externaltools.gnu-tools-for-stm32.13.3.rel1.win32_1.0.0.202411081344/tools/bin/../lib/gcc/arm-none-eabi/13.3.1/../../../../arm-none-eabi/lib/thumb/v7-m/nofp\libc_nano.a(libc_a-fwalk.o)
                              D:/APP/STM32CubeIDE_1.16.1/STM32CubeIDE/plugins/com.st.stm32cube.ide.mcu.externaltools.gnu-tools-for-stm32.13.3.rel1.win32_1.0.0.202411081344/tools/bin/../lib/gcc/arm-none-eabi/13.3.1/../../../../arm-none-eabi/lib/thumb/v7-m/nofp\libc_nano.a(libc_a-findfp.o) (_fwalk_sglue)
D:/APP/STM32CubeIDE_1.16.1/STM32CubeIDE/plugins/com.st.stm32cube.ide.mcu.externaltools.gnu-tools-for-stm32.13.3.rel1.win32_1.0.0.202411081344/tools/bin/../lib/gcc/arm-none-eabi/13.3.1/../../../../arm-none-eabi/lib/thumb/v7-m/nofp\libc_nano.a(libc_a-stdio.o)
                              D:/APP/STM32CubeIDE_1.16.1/STM32CubeIDE/plugins/com.st.stm32cube.ide.mcu.externaltools.gnu-tools-for-stm32.13.3.rel1.win32_1.0.0.202411081344/tools/bin/../lib/gcc/arm-none-eabi/13.3.1/../../../../arm-none-eabi/lib/thumb/v7-m/nofp\libc_nano.a(libc_a-findfp.o) (__sread)
D:/APP/STM32CubeIDE_1.16.1/STM32CubeIDE/plugins/com.st.stm32cube.ide.mcu.externaltools.gnu-tools-for-stm32.13.3.rel1.win32_1.0.0.202411081344/tools/bin/../lib/gcc/arm-none-eabi/13.3.1/../../../../arm-none-eabi/lib/thumb/v7-m/nofp\libc_nano.a(libc_a-memset.o)
                              D:/APP/STM32CubeIDE_1.16.1/STM32CubeIDE/plugins/com.st.stm32cube.ide.mcu.externaltools.gnu-tools-for-stm32.13.3.rel1.win32_1.0.0.202411081344/tools/bin/../lib/gcc/arm-none-eabi/13.3.1/../../../../arm-none-eabi/lib/thumb/v7-m/nofp/crt0.o (memset)
D:/APP/STM32CubeIDE_1.16.1/STM32CubeIDE/plugins/com.st.stm32cube.ide.mcu.externaltools.gnu-tools-for-stm32.13.3.rel1.win32_1.0.0.202411081344/tools/bin/../lib/gcc/arm-none-eabi/13.3.1/../../../../arm-none-eabi/lib/thumb/v7-m/nofp\libc_nano.a(libc_a-closer.o)
                              D:/APP/STM32CubeIDE_1.16.1/STM32CubeIDE/plugins/com.st.stm32cube.ide.mcu.externaltools.gnu-tools-for-stm32.13.3.rel1.win32_1.0.0.202411081344/tools/bin/../lib/gcc/arm-none-eabi/13.3.1/../../../../arm-none-eabi/lib/thumb/v7-m/nofp\libc_nano.a(libc_a-stdio.o) (_close_r)
D:/APP/STM32CubeIDE_1.16.1/STM32CubeIDE/plugins/com.st.stm32cube.ide.mcu.externaltools.gnu-tools-for-stm32.13.3.rel1.win32_1.0.0.202411081344/tools/bin/../lib/gcc/arm-none-eabi/13.3.1/../../../../arm-none-eabi/lib/thumb/v7-m/nofp\libc_nano.a(libc_a-reent.o)
                              ./Middlewares/Third_Party/FreeRTOS/Source/tasks.o (_reclaim_reent)
D:/APP/STM32CubeIDE_1.16.1/STM32CubeIDE/plugins/com.st.stm32cube.ide.mcu.externaltools.gnu-tools-for-stm32.13.3.rel1.win32_1.0.0.202411081344/tools/bin/../lib/gcc/arm-none-eabi/13.3.1/../../../../arm-none-eabi/lib/thumb/v7-m/nofp\libc_nano.a(libc_a-impure.o)
                              ./Middlewares/Third_Party/FreeRTOS/Source/tasks.o (_impure_ptr)
D:/APP/STM32CubeIDE_1.16.1/STM32CubeIDE/plugins/com.st.stm32cube.ide.mcu.externaltools.gnu-tools-for-stm32.13.3.rel1.win32_1.0.0.202411081344/tools/bin/../lib/gcc/arm-none-eabi/13.3.1/../../../../arm-none-eabi/lib/thumb/v7-m/nofp\libc_nano.a(libc_a-lseekr.o)
                              D:/APP/STM32CubeIDE_1.16.1/STM32CubeIDE/plugins/com.st.stm32cube.ide.mcu.externaltools.gnu-tools-for-stm32.13.3.rel1.win32_1.0.0.202411081344/tools/bin/../lib/gcc/arm-none-eabi/13.3.1/../../../../arm-none-eabi/lib/thumb/v7-m/nofp\libc_nano.a(libc_a-stdio.o) (_lseek_r)
D:/APP/STM32CubeIDE_1.16.1/STM32CubeIDE/plugins/com.st.stm32cube.ide.mcu.externaltools.gnu-tools-for-stm32.13.3.rel1.win32_1.0.0.202411081344/tools/bin/../lib/gcc/arm-none-eabi/13.3.1/../../../../arm-none-eabi/lib/thumb/v7-m/nofp\libc_nano.a(libc_a-readr.o)
                              D:/APP/STM32CubeIDE_1.16.1/STM32CubeIDE/plugins/com.st.stm32cube.ide.mcu.externaltools.gnu-tools-for-stm32.13.3.rel1.win32_1.0.0.202411081344/tools/bin/../lib/gcc/arm-none-eabi/13.3.1/../../../../arm-none-eabi/lib/thumb/v7-m/nofp\libc_nano.a(libc_a-stdio.o) (_read_r)
[...]
Memory Configuration

Name             Origin             Length             Attributes
RAM              0x20000000         0x00005000         xrw
FLASH            0x08000000         0x00010000         xr
*default*        0x00000000         0xffffffff

Linker script and memory map

LOAD D:/APP/STM32CubeIDE_1.16.1/STM32CubeIDE/plugins/com.st.stm32cube.ide.mcu.externaltools.gnu-tools-for-stm32.13.3.rel1.win32_1.0.0.202411081344/tools/bin/../lib/gcc/arm-none-eabi/13.3.1/thumb/v7-m/nofp/crti.o
LOAD D:/APP/STM32CubeIDE_1.16.1/STM32CubeIDE/plugins/com.st.stm32cube.ide.mcu.externaltools.gnu-tools-for-stm32.13.3.rel1.win32_1.0.0.202411081344/tools/bin/../lib/gcc/arm-none-eabi/13.3.1/thumb/v7-m/nofp/crtbegin.o
LOAD D:/APP/STM32CubeIDE_1.16.1/STM32CubeIDE/plugins/com.st.stm32cube.ide.mcu.externaltools.gnu-tools-for-stm32.13.3.rel1.win32_1.0.0.202411081344/tools/bin/../lib/gcc/arm-none-eabi/13.3.1/../../../../arm-none-eabi/lib/thumb/v7-m/nofp/crt0.o
LOAD ./BSP/encoder.o
LOAD ./BSP/ssd1306_u8g2_driver.o
LOAD ./Core/Src/freertos.o
LOAD ./Core/Src/gpio.o
LOAD ./Core/Src/main.o
LOAD ./Core/Src/spi.o
LOAD ./Core/Src/stm32f1xx_hal_msp.o
LOAD ./Core/Src/stm32f1xx_hal_timebase_tim.o
LOAD ./Core/Src/stm32f1xx_it.o
LOAD ./Core/Src/syscalls.o
LOAD ./Core/Src/sysmem.o
LOAD ./Core/Src/system_stm32f1xx.o
LOAD ./Core/Startup/startup_stm32f103c8tx.o
LOAD ./Drivers/STM32F1xx_HAL_Driver/Src/stm32f1xx_hal.o
LOAD ./Drivers/STM32F1xx_HAL_Driver/Src/stm32f1xx_hal_cortex.o
LOAD ./Drivers/STM32F1xx_HAL_Driver/Src/stm32f1xx_hal_dma.o
LOAD ./Drivers/STM32F1xx_HAL_Driver/Src/stm32f1xx_hal_exti.o
LOAD ./Drivers/STM32F1xx_HAL_Driver/Src/stm32f1xx_hal_flash.o
LOAD ./Drivers/STM32F1xx_HAL_Driver/Src/stm32f1xx_hal_flash_ex.o
LOAD ./Drivers/STM32F1xx_HAL_Driver/Src/stm32f1xx_hal_gpio.o
LOAD ./Drivers/STM32F1xx_HAL_Driver/Src/stm32f1xx_hal_gpio_ex.o
LOAD ./Drivers/STM32F1xx_HAL_Driver/Src/stm32f1xx_hal_pwr.o
LOAD ./Drivers/STM32F1xx_HAL_Driver/Src/stm32f1xx_hal_rcc.o
LOAD ./Drivers/STM32F1xx_HAL_Driver/Src/stm32f1xx_hal_rcc_ex.o
LOAD ./Drivers/STM32F1xx_HAL_Driver/Src/stm32f1xx_hal_spi.o
LOAD ./Drivers/STM32F1xx_HAL_Driver/Src/stm32f1xx_hal_tim.o
LOAD ./Drivers/STM32F1xx_HAL_Driver/Src/stm32f1xx_hal_tim_ex.o
LOAD ./MID/UI/pages/ui_page_home.o
LOAD ./MID/UI/pages/ui_page_menu.o
LOAD ./MID/UI/pages/ui_page_welcome.o
LOAD ./MID/UI/ui.o
LOAD ./MID/UI/ui_animation.o
LOAD ./MID/UI/ui_element.o
LOAD ./MID/UI/ui_pages.o
LOAD ./MID/u8g2/mui.o
LOAD ./MID/u8g2/mui_u8g2.o
LOAD ./MID/u8g2/u8g2_bitmap.o
LOAD ./MID/u8g2/u8g2_box.o
LOAD ./MID/u8g2/u8g2_buffer.o
LOAD ./MID/u8g2/u8g2_button.o
LOAD ./MID/u8g2/u8g2_circle.o
LOAD ./MID/u8g2/u8g2_cleardisplay.o
LOAD ./MID/u8g2/u8g2_d_memory.o
LOAD ./MID/u8g2/u8g2_d_setup.o
LOAD ./MID/u8g2/u8g2_font.o
LOAD ./MID/u8g2/u8g2_fonts.o
LOAD ./MID/u8g2/u8g2_hvline.o
LOAD ./MID/u8g2/u8g2_input_value.o
LOAD ./MID/u8g2/u8g2_intersection.o
LOAD ./MID/u8g2/u8g2_kerning.o
LOAD ./MID/u8g2/u8g2_line.o
LOAD ./MID/u8g2/u8g2_ll_hvline.o
LOAD ./MID/u8g2/u8g2_message.o
LOAD ./MID/u8g2/u8g2_polygon.o
LOAD ./MID/u8g2/u8g2_selection_list.o
LOAD ./MID/u8g2/u8g2_setup.o
LOAD ./MID/u8g2/u8log.o
LOAD ./MID/u8g2/u8log_u8g2.o
LOAD ./MID/u8g2/u8log_u8x8.o
LOAD ./MID/u8g2/u8x8_8x8.o
LOAD ./MID/u8g2/u8x8_byte.o
LOAD ./MID/u8g2/u8x8_cad.o
LOAD ./MID/u8g2/u8x8_capture.o
LOAD ./MID/u8g2/u8x8_d_ssd1306_128x64_noname.o
LOAD ./MID/u8g2/u8x8_debounce.o
LOAD ./MID/u8g2/u8x8_display.o
LOAD ./MID/u8g2/u8x8_fonts.o
LOAD ./MID/u8g2/u8x8_gpio.o
LOAD ./MID/u8g2/u8x8_input_value.o
LOAD ./MID/u8g2/u8x8_message.o
LOAD ./MID/u8g2/u8x8_selection_list.o
LOAD ./MID/u8g2/u8x8_setup.o
LOAD ./MID/u8g2/u8x8_string.o
LOAD ./MID/u8g2/u8x8_u16toa.o
LOAD ./MID/u8g2/u8x8_u8toa.o
LOAD ./Middlewares/Third_Party/FreeRTOS/Source/CMSIS_RTOS_V2/cmsis_os2.o
LOAD ./Middlewares/Third_Party/FreeRTOS/Source/croutine.o
LOAD ./Middlewares/Third_Party/FreeRTOS/Source/event_groups.o
LOAD ./Middlewares/Third_Party/FreeRTOS/Source/list.o
LOAD ./Middlewares/Third_Party/FreeRTOS/Source/queue.o
LOAD ./Middlewares/Third_Party/FreeRTOS/Source/stream_buffer.o
LOAD ./Middlewares/Third_Party/FreeRTOS/Source/tasks.o
LOAD ./Middlewares/Third_Party/FreeRTOS/Source/timers.o
LOAD ./Middlewares/Third_Party/FreeRTOS/Source/portable/GCC/ARM_CM3/port.o
LOAD ./Middlewares/Third_Party/FreeRTOS/Source/portable/MemMang/heap_4.o
START GROUP
LOAD D:/APP/STM32CubeIDE_1.16.1/STM32CubeIDE/plugins/com.st.stm32cube.ide.mcu.externaltools.gnu-tools-for-stm32.13.3.rel1.win32_1.0.0.202411081344/tools/bin/../lib/gcc/arm-none-eabi/13.3.1/../../../../arm-none-eabi/lib/thumb/v7-m/nofp\libc_nano.a
LOAD D:/APP/STM32CubeIDE_1.16.1/STM32CubeIDE/plugins/com.st.stm32cube.ide.mcu.externaltools.gnu-tools-for-stm32.13.3.rel1.win32_1.0.0.202411081344/tools/bin/../lib/gcc/arm-none-eabi/13.3.1/../../../../arm-none-eabi/lib/thumb/v7-m/nofp\libm.a
END GROUP
START GROUP
LOAD D:/APP/STM32CubeIDE_1.16.1/STM32CubeIDE/plugins/com.st.stm32cube.ide.mcu.externaltools.gnu-tools-for-stm32.13.3.rel1.win32_1.0.0.202411081344/tools/bin/../lib/gcc/arm-none-eabi/13.3.1/thumb/v7-m/nofp\libgcc.a
LOAD D:/APP/STM32CubeIDE_1.16.1/STM32CubeIDE/plugins/com.st.stm32cube.ide.mcu.externaltools.gnu-tools-for-stm32.13.3.rel1.win32_1.0.0.202411081344/tools/bin/../lib/gcc/arm-none-eabi/13.3.1/../../../../arm-none-eabi/lib/thumb/v7-m/nofp\libc_nano.a
END GROUP
START GROUP
LOAD D:/APP/STM32CubeIDE_1.16.1/STM32CubeIDE/plugins/com.st.stm32cube.ide.mcu.externaltools.gnu-tools-for-stm32.13.3.rel1.win32_1.0.0.202411081344/tools/bin/../lib/gcc/arm-none-eabi/13.3.1/thumb/v7-m/nofp\libgcc.a
LOAD D:/APP/STM32CubeIDE_1.16.1/STM32CubeIDE/plugins/com.st.stm32cube.ide.mcu.externaltools.gnu-tools-for-stm32.13.3.rel1.win32_1.0.0.202411081344/tools/bin/../lib/gcc/arm-none-eabi/13.3.1/../../../../arm-none-eabi/lib/thumb/v7-m/nofp\libc_nano.a
LOAD D:/APP/STM32CubeIDE_1.16.1/STM32CubeIDE/plugins/com.st.stm32cube.ide.mcu.externaltools.gnu-tools-for-stm32.13.3.rel1.win32_1.0.0.202411081344/tools/bin/../lib/gcc/arm-none-eabi/13.3.1/../../../../arm-none-eabi/lib/thumb/v7-m/nofp\libnosys.a
END GROUP
START GROUP
LOAD D:/APP/STM32CubeIDE_1.16.1/STM32CubeIDE/plugins/com.st.stm32cube.ide.mcu.externaltools.gnu-tools-for-stm32.13.3.rel1.win32_1.0.0.202411081344/tools/bin/../lib/gcc/arm-none-eabi/13.3.1/thumb/v7-m/nofp\libgcc.a
LOAD D:/APP/STM32CubeIDE_1.16.1/STM32CubeIDE/plugins/com.st.stm32cube.ide.mcu.externaltools.gnu-tools-for-stm32.13.3.rel1.win32_1.0.0.202411081344/tools/bin/../lib/gcc/arm-none-eabi/13.3.1/../../../../arm-none-eabi/lib/thumb/v7-m/nofp\libc_nano.a
LOAD D:/APP/STM32CubeIDE_1.16.1/STM32CubeIDE/plugins/com.st.stm32cube.ide.mcu.externaltools.gnu-tools-for-stm32.13.3.rel1.win32_1.0.0.202411081344/tools/bin/../lib/gcc/arm-none-eabi/13.3.1/../../../../arm-none-eabi/lib/thumb/v7-m/nofp\libnosys.a
END GROUP
LOAD D:/APP/STM32CubeIDE_1.16.1/STM32CubeIDE/plugins/com.st.stm32cube.ide.mcu.externaltools.gnu-tools-for-stm32.13.3.rel1.win32_1.0.0.202411081344/tools/bin/../lib/gcc/arm-none-eabi/13.3.1/thumb/v7-m/nofp/crtend.o
LOAD D:/APP/STM32CubeIDE_1.16.1/STM32CubeIDE/plugins/com.st.stm32cube.ide.mcu.externaltools.gnu-tools-for-stm32.13.3.rel1.win32_1.0.0.202411081344/tools/bin/../lib/gcc/arm-none-eabi/13.3.1/thumb/v7-m/nofp/crtn.o
                0x20005000                        _estack = (ORIGIN (RAM) + LENGTH (RAM))
                0x00000200                        _Min_Heap_Size = 0x200
                0x00000400                        _Min_Stack_Size = 0x400

.isr_vector     0x08000000      0x10c
                0x08000000                        . = ALIGN (0x4)
 *(.isr_vector)
 .isr_vector    0x08000000      0x10c ./Core/Startup/startup_stm32f103c8tx.o
                0x08000000                g_pfnVectors
                0x0800010c                        . = ALIGN (0x4)

.text           0x08000110     0x78bc
                0x08000110                        . = ALIGN (0x4)
 *(.text)
 .text          0x08000110       0x40 D:/APP/STM32CubeIDE_1.16.1/STM32CubeIDE/plugins/com.st.stm32cube.ide.mcu.externaltools.gnu-tools-for-stm32.13.3.rel1.win32_1.0.0.202411081344/tools/bin/../lib/gcc/arm-none-eabi/13.3.1/thumb/v7-m/nofp/crtbegin.o
 .text          0x08000150      0x168 D:/APP/STM32CubeIDE_1.16.1/STM32CubeIDE/plugins/com.st.stm32cube.ide.mcu.externaltools.gnu-tools-for-stm32.13.3.rel1.win32_1.0.0.202411081344/tools/bin/../lib/gcc/arm-none-eabi/13.3.1/thumb/v7-m/nofp\libgcc.a(_arm_mulsf3.o)
                0x08000150                __aeabi_fmul
                0x08000150                __mulsf3
 .text          0x080002b8      0x378 D:/APP/STM32CubeIDE_1.16.1/STM32CubeIDE/plugins/com.st.stm32cube.ide.mcu.externaltools.gnu-tools-for-stm32.13.3.rel1.win32_1.0.0.202411081344/tools/bin/../lib/gcc/arm-none-eabi/13.3.1/thumb/v7-m/nofp\libgcc.a(_arm_addsubdf3.o)
                0x080002b8                __aeabi_drsub
                0x080002c0                __aeabi_dsub
                0x080002c0                __subdf3
                0x080002c4                __aeabi_dadd
                0x080002c4                __adddf3
                0x0800053c                __floatunsidf
                0x0800053c                __aeabi_ui2d
                0x0800055c                __floatsidf
                0x0800055c                __aeabi_i2d
                0x08000580                __aeabi_f2d
                0x08000580                __extendsfdf2
                0x080005c4                __floatundidf
                0x080005c4                __aeabi_ul2d
                0x080005d4                __floatdidf
                0x080005d4                __aeabi_l2d
 .text          0x08000630       0xa0 D:/APP/STM32CubeIDE_1.16.1/STM32CubeIDE/plugins/com.st.stm32cube.ide.mcu.externaltools.gnu-tools-for-stm32.13.3.rel1.win32_1.0.0.202411081344/tools/bin/../lib/gcc/arm-none-eabi/13.3.1/thumb/v7-m/nofp\libgcc.a(_arm_truncdfsf2.o)
                0x08000630                __truncdfsf2
                0x08000630                __aeabi_d2f
 .text          0x080006d0      0x21c D:/APP/STM32CubeIDE_1.16.1/STM32CubeIDE/plugins/com.st.stm32cube.ide.mcu.externaltools.gnu-tools-for-stm32.13.3.rel1.win32_1.0.0.202411081344/tools/bin/../lib/gcc/arm-none-eabi/13.3.1/thumb/v7-m/nofp\libgcc.a(_arm_addsubsf3.o)
                0x080006d0                __aeabi_frsub
                0x080006d8                __subsf3
                0x080006d8                __aeabi_fsub
                0x080006dc                __aeabi_fadd
                0x080006dc                __addsf3
                0x0800083c                __aeabi_ui2f
                0x0800083c                __floatunsisf
                0x08000844                __aeabi_i2f
                0x08000844                __floatsisf
                0x08000860                __aeabi_ul2f
                0x08000860                __floatundisf
                0x08000870                __aeabi_l2f
                0x08000870                __floatdisf
 .text          0x080008ec       0xec D:/APP/STM32CubeIDE_1.16.1/STM32CubeIDE/plugins/com.st.stm32cube.ide.mcu.externaltools.gnu-tools-for-stm32.13.3.rel1.win32_1.0.0.202411081344/tools/bin/../lib/gcc/arm-none-eabi/13.3.1/thumb/v7-m/nofp\libgcc.a(_arm_cmpsf2.o)
                0x080008ec                __gesf2
                0x080008ec                __gtsf2
                0x080008f4                __lesf2
                0x080008f4                __ltsf2
                0x080008fc                __nesf2
                0x080008fc                __eqsf2
                0x080008fc                __cmpsf2
                0x0800095c                __aeabi_cfrcmple
                0x08000964                __aeabi_cfcmpeq
                0x08000964                __aeabi_cfcmple
                0x08000974                __aeabi_fcmpeq
                0x08000988                __aeabi_fcmplt
                0x0800099c                __aeabi_fcmple
                0x080009b0                __aeabi_fcmpge
                0x080009c4                __aeabi_fcmpgt
 .text          0x080009d8       0x4c D:/APP/STM32CubeIDE_1.16.1/STM32CubeIDE/plugins/com.st.stm32cube.ide.mcu.externaltools.gnu-tools-for-stm32.13.3.rel1.win32_1.0.0.202411081344/tools/bin/../lib/gcc/arm-none-eabi/13.3.1/thumb/v7-m/nofp\libgcc.a(_arm_fixsfsi.o)
                0x080009d8                __aeabi_f2iz
                0x080009d8                __fixsfsi
 .text          0x08000a24       0x40 D:/APP/STM32CubeIDE_1.16.1/STM32CubeIDE/plugins/com.st.stm32cube.ide.mcu.externaltools.gnu-tools-for-stm32.13.3.rel1.win32_1.0.0.202411081344/tools/bin/../lib/gcc/arm-none-eabi/13.3.1/thumb/v7-m/nofp\libgcc.a(_arm_fixunssfsi.o)
                0x08000a24                __fixunssfsi
                0x08000a24                __aeabi_f2uiz
 *(.text*)
 .text.u8x8_gpio_and_delay_stm32
                0x08000a64       0x78 ./BSP/ssd1306_u8g2_driver.o
                0x08000a64                u8x8_gpio_and_delay_stm32
 .text.u8x8_byte_stm32_hw_spi
                0x08000adc       0xe0 ./BSP/ssd1306_u8g2_driver.o
                0x08000adc                u8x8_byte_stm32_hw_spi
 .text.MX_FREERTOS_Init
                0x08000bbc       0x40 ./Core/Src/freertos.o
                0x08000bbc                MX_FREERTOS_Init
 .text.StartDefaultTask
                0x08000bfc       0x24 ./Core/Src/freertos.o
                0x08000bfc                StartDefaultTask
 .text.ui_renderer
                0x08000c20       0x80 ./Core/Src/freertos.o
                0x08000c20                ui_renderer
 .text.MX_GPIO_Init
                0x08000ca0      0x12c ./Core/Src/gpio.o
                0x08000ca0                MX_GPIO_Init
 .text.main     0x08000dcc       0x24 ./Core/Src/main.o
                0x08000dcc                main
 .text.SystemClock_Config
                0x08000df0       0x8a ./Core/Src/main.o
                0x08000df0                SystemClock_Config
 *fill*         0x08000e7a        0x2 
 .text.HAL_TIM_PeriodElapsedCallback
                0x08000e7c       0x24 ./Core/Src/main.o
                0x08000e7c                HAL_TIM_PeriodElapsedCallback
 .text.Error_Handler
                0x08000ea0        0xc ./Core/Src/main.o
                0x08000ea0                Error_Handler
 .text.MX_SPI1_Init
                0x08000eac       0x6c ./Core/Src/spi.o
                0x08000eac                MX_SPI1_Init
 .text.HAL_SPI_MspInit
                0x08000f18       0x7c ./Core/Src/spi.o
                0x08000f18                HAL_SPI_MspInit
 .text.HAL_MspInit
                0x08000f94       0x70 ./Core/Src/stm32f1xx_hal_msp.o
                0x08000f94                HAL_MspInit
 .text.HAL_InitTick
                0x08001004       0xe4 ./Core/Src/stm32f1xx_hal_timebase_tim.o
                0x08001004                HAL_InitTick
 .text.NMI_Handler
                0x080010e8        0x8 ./Core/Src/stm32f1xx_it.o
                0x080010e8                NMI_Handler
 .text.HardFault_Handler
                0x080010f0        0x8 ./Core/Src/stm32f1xx_it.o
                0x080010f0                HardFault_Handler
 .text.MemManage_Handler
                0x080010f8        0x8 ./Core/Src/stm32f1xx_it.o
                0x080010f8                MemManage_Handler
 .text.BusFault_Handler
                0x08001100        0x8 ./Core/Src/stm32f1xx_it.o
                0x08001100                BusFault_Handler
 .text.UsageFault_Handler
                0x08001108        0x8 ./Core/Src/stm32f1xx_it.o
                0x08001108                UsageFault_Handler
 .text.DebugMon_Handler
                0x08001110        0xc ./Core/Src/stm32f1xx_it.o
                0x08001110                DebugMon_Handler
 .text.EXTI0_IRQHandler
                0x0800111c        0xe ./Core/Src/stm32f1xx_it.o
                0x0800111c                EXTI0_IRQHandler
 .text.EXTI1_IRQHandler
                0x0800112a        0xe ./Core/Src/stm32f1xx_it.o
                0x0800112a                EXTI1_IRQHandler
 .text.TIM1_UP_IRQHandler
                0x08001138       0x14 ./Core/Src/stm32f1xx_it.o
                0x08001138                TIM1_UP_IRQHandler
 .text.EXTI15_10_IRQHandler
                0x0800114c       0x18 ./Core/Src/stm32f1xx_it.o
                0x0800114c                EXTI15_10_IRQHandler
 .text.HAL_GPIO_EXTI_Callback
                0x08001164       0xa4 ./Core/Src/stm32f1xx_it.o
                0x08001164                HAL_GPIO_EXTI_Callback
 .text.SystemInit
                0x08001208        0xc ./Core/Src/system_stm32f1xx.o
                0x08001208                SystemInit
 .text.Reset_Handler
                0x08001214       0x48 ./Core/Startup/startup_stm32f103c8tx.o
                0x08001214                Reset_Handler
 .text.Default_Handler
                0x0800125c        0x2 ./Core/Startup/startup_stm32f103c8tx.o
                0x0800125c                RTC_Alarm_IRQHandler
                0x0800125c                EXTI2_IRQHandler
                0x0800125c                TIM1_CC_IRQHandler
                0x0800125c                PVD_IRQHandler
                0x0800125c                EXTI3_IRQHandler
                0x0800125c                I2C2_EV_IRQHandler
                0x0800125c                ADC1_2_IRQHandler
                0x0800125c                SPI1_IRQHandler
                0x0800125c                TAMPER_IRQHandler
                0x0800125c                DMA1_Channel4_IRQHandler
                0x0800125c                USART3_IRQHandler
                0x0800125c                RTC_IRQHandler
                0x0800125c                DMA1_Channel7_IRQHandler
                0x0800125c                CAN1_RX1_IRQHandler
                0x0800125c                TIM4_IRQHandler
                0x0800125c                I2C1_EV_IRQHandler
                0x0800125c                DMA1_Channel6_IRQHandler
                0x0800125c                TIM3_IRQHandler
                0x0800125c                RCC_IRQHandler
                0x0800125c                TIM1_TRG_COM_IRQHandler
                0x0800125c                DMA1_Channel1_IRQHandler
                0x0800125c                Default_Handler
                0x0800125c                EXTI9_5_IRQHandler
                0x0800125c                SPI2_IRQHandler
                0x0800125c                DMA1_Channel5_IRQHandler
                0x0800125c                EXTI4_IRQHandler
                0x0800125c                USB_LP_CAN1_RX0_IRQHandler
                0x0800125c                USB_HP_CAN1_TX_IRQHandler
                0x0800125c                DMA1_Channel3_IRQHandler
                0x0800125c                WWDG_IRQHandler
                0x0800125c                TIM2_IRQHandler
                0x0800125c                TIM1_BRK_IRQHandler
                0x0800125c                USART2_IRQHandler
                0x0800125c                I2C2_ER_IRQHandler
                0x0800125c                DMA1_Channel2_IRQHandler
                0x0800125c                CAN1_SCE_IRQHandler
                0x0800125c                FLASH_IRQHandler
                0x0800125c                USART1_IRQHandler
                0x0800125c                I2C1_ER_IRQHandler
                0x0800125c                USBWakeUp_IRQHandler
 *fill*         0x0800125e        0x2 
 .text.HAL_Init
                0x08001260       0x2c ./Drivers/STM32F1xx_HAL_Driver/Src/stm32f1xx_hal.o
                0x08001260                HAL_Init
 .text.HAL_IncTick
                0x0800128c       0x24 ./Drivers/STM32F1xx_HAL_Driver/Src/stm32f1xx_hal.o
                0x0800128c                HAL_IncTick
 .text.HAL_GetTick
                0x080012b0       0x14 ./Drivers/STM32F1xx_HAL_Driver/Src/stm32f1xx_hal.o
                0x080012b0                HAL_GetTick
 .text.HAL_Delay
                0x080012c4       0x48 ./Drivers/STM32F1xx_HAL_Driver/Src/stm32f1xx_hal.o
                0x080012c4                HAL_Delay
 .text.__NVIC_SetPriorityGrouping
                0x0800130c       0x48 ./Drivers/STM32F1xx_HAL_Driver/Src/stm32f1xx_hal_cortex.o
 .text.__NVIC_GetPriorityGrouping
                0x08001354       0x1c ./Drivers/STM32F1xx_HAL_Driver/Src/stm32f1xx_hal_cortex.o
 .text.__NVIC_EnableIRQ
                0x08001370       0x38 ./Drivers/STM32F1xx_HAL_Driver/Src/stm32f1xx_hal_cortex.o
 .text.__NVIC_SetPriority
                0x080013a8       0x54 ./Drivers/STM32F1xx_HAL_Driver/Src/stm32f1xx_hal_cortex.o
 .text.NVIC_EncodePriority
                0x080013fc       0x64 ./Drivers/STM32F1xx_HAL_Driver/Src/stm32f1xx_hal_cortex.o
 .text.HAL_NVIC_SetPriorityGrouping
                0x08001460       0x16 ./Drivers/STM32F1xx_HAL_Driver/Src/stm32f1xx_hal_cortex.o
                0x08001460                HAL_NVIC_SetPriorityGrouping
 .text.HAL_NVIC_SetPriority
                0x08001476       0x38 ./Drivers/STM32F1xx_HAL_Driver/Src/stm32f1xx_hal_cortex.o
                0x08001476                HAL_NVIC_SetPriority
 .text.HAL_NVIC_EnableIRQ
                0x080014ae       0x1c ./Drivers/STM32F1xx_HAL_Driver/Src/stm32f1xx_hal_cortex.o
                0x080014ae                HAL_NVIC_EnableIRQ
 *fill*         0x080014ca        0x2 
 .text.HAL_GPIO_Init
                0x080014cc      0x308 ./Drivers/STM32F1xx_HAL_Driver/Src/stm32f1xx_hal_gpio.o
                0x080014cc                HAL_GPIO_Init
 .text.HAL_GPIO_ReadPin
                0x080017d4       0x2e ./Drivers/STM32F1xx_HAL_Driver/Src/stm32f1xx_hal_gpio.o
                0x080017d4                HAL_GPIO_ReadPin
 .text.HAL_GPIO_WritePin
                0x08001802       0x30 ./Drivers/STM32F1xx_HAL_Driver/Src/stm32f1xx_hal_gpio.o
                0x08001802                HAL_GPIO_WritePin
 .text.HAL_GPIO_TogglePin
                0x08001832       0x32 ./Drivers/STM32F1xx_HAL_Driver/Src/stm32f1xx_hal_gpio.o
                0x08001832                HAL_GPIO_TogglePin
 .text.HAL_GPIO_EXTI_IRQHandler
                0x08001864       0x30 ./Drivers/STM32F1xx_HAL_Driver/Src/stm32f1xx_hal_gpio.o
                0x08001864                HAL_GPIO_EXTI_IRQHandler
 .text.HAL_RCC_OscConfig
                0x08001894      0x504 ./Drivers/STM32F1xx_HAL_Driver/Src/stm32f1xx_hal_rcc.o
                0x08001894                HAL_RCC_OscConfig
 .text.HAL_RCC_ClockConfig
                0x08001d98      0x1d4 ./Drivers/STM32F1xx_HAL_Driver/Src/stm32f1xx_hal_rcc.o
                0x08001d98                HAL_RCC_ClockConfig
 .text.HAL_RCC_GetSysClockFreq
                0x08001f6c       0xa8 ./Drivers/STM32F1xx_HAL_Driver/Src/stm32f1xx_hal_rcc.o
                0x08001f6c                HAL_RCC_GetSysClockFreq
 .text.HAL_RCC_GetHCLKFreq
                0x08002014       0x14 ./Drivers/STM32F1xx_HAL_Driver/Src/stm32f1xx_hal_rcc.o
                0x08002014                HAL_RCC_GetHCLKFreq
 .text.HAL_RCC_GetPCLK2Freq
                0x08002028       0x28 ./Drivers/STM32F1xx_HAL_Driver/Src/stm32f1xx_hal_rcc.o
                0x08002028                HAL_RCC_GetPCLK2Freq
 .text.HAL_RCC_GetClockConfig
                0x08002050       0x60 ./Drivers/STM32F1xx_HAL_Driver/Src/stm32f1xx_hal_rcc.o
                0x08002050                HAL_RCC_GetClockConfig
 .text.RCC_Delay
                0x080020b0       0x3c ./Drivers/STM32F1xx_HAL_Driver/Src/stm32f1xx_hal_rcc.o
 .text.HAL_SPI_Init
                0x080020ec      0x108 ./Drivers/STM32F1xx_HAL_Driver/Src/stm32f1xx_hal_spi.o
                0x080020ec                HAL_SPI_Init
 .text.HAL_SPI_Transmit
                0x080021f4      0x288 ./Drivers/STM32F1xx_HAL_Driver/Src/stm32f1xx_hal_spi.o
                0x080021f4                HAL_SPI_Transmit
 .text.SPI_WaitFlagStateUntilTimeout
                0x0800247c      0x110 ./Drivers/STM32F1xx_HAL_Driver/Src/stm32f1xx_hal_spi.o
 .text.SPI_EndRxTxTransaction
                0x0800258c       0x62 ./Drivers/STM32F1xx_HAL_Driver/Src/stm32f1xx_hal_spi.o
 .text.HAL_TIM_Base_Init
                0x080025ee       0x9e ./Drivers/STM32F1xx_HAL_Driver/Src/stm32f1xx_hal_tim.o
                0x080025ee                HAL_TIM_Base_Init
 .text.HAL_TIM_Base_MspInit
                0x0800268c       0x12 ./Drivers/STM32F1xx_HAL_Driver/Src/stm32f1xx_hal_tim.o
                0x0800268c                HAL_TIM_Base_MspInit
 *fill*         0x0800269e        0x2 
 .text.HAL_TIM_Base_Start_IT
                0x080026a0       0xa4 ./Drivers/STM32F1xx_HAL_Driver/Src/stm32f1xx_hal_tim.o
                0x080026a0                HAL_TIM_Base_Start_IT
 .text.HAL_TIM_IRQHandler
                0x08002744      0x1e0 ./Drivers/STM32F1xx_HAL_Driver/Src/stm32f1xx_hal_tim.o
                0x08002744                HAL_TIM_IRQHandler
 .text.HAL_TIM_OC_DelayElapsedCallback
                0x08002924       0x12 ./Drivers/STM32F1xx_HAL_Driver/Src/stm32f1xx_hal_tim.o
                0x08002924                HAL_TIM_OC_DelayElapsedCallback
 .text.HAL_TIM_IC_CaptureCallback
                0x08002936       0x12 ./Drivers/STM32F1xx_HAL_Driver/Src/stm32f1xx_hal_tim.o
                0x08002936                HAL_TIM_IC_CaptureCallback
 .text.HAL_TIM_PWM_PulseFinishedCallback
                0x08002948       0x12 ./Drivers/STM32F1xx_HAL_Driver/Src/stm32f1xx_hal_tim.o
                0x08002948                HAL_TIM_PWM_PulseFinishedCallback
 .text.HAL_TIM_TriggerCallback
                0x0800295a       0x12 ./Drivers/STM32F1xx_HAL_Driver/Src/stm32f1xx_hal_tim.o
                0x0800295a                HAL_TIM_TriggerCallback
 .text.TIM_Base_SetConfig
                0x0800296c       0xdc ./Drivers/STM32F1xx_HAL_Driver/Src/stm32f1xx_hal_tim.o
                0x0800296c                TIM_Base_SetConfig
 .text.HAL_TIMEx_CommutCallback
                0x08002a48       0x12 ./Drivers/STM32F1xx_HAL_Driver/Src/stm32f1xx_hal_tim_ex.o
                0x08002a48                HAL_TIMEx_CommutCallback
 .text.HAL_TIMEx_BreakCallback
                0x08002a5a       0x12 ./Drivers/STM32F1xx_HAL_Driver/Src/stm32f1xx_hal_tim_ex.o
                0x08002a5a                HAL_TIMEx_BreakCallback
 .text.ui_page_home_renderer
                0x08002a6c       0x12 ./MID/UI/pages/ui_page_home.o
                0x08002a6c                ui_page_home_renderer
 .text.ui_page_menu_renderer
                0x08002a7e       0x12 ./MID/UI/pages/ui_page_menu.o
                0x08002a7e                ui_page_menu_renderer
 .text.ui_page_welcome_renderer
                0x08002a90       0x64 ./MID/UI/pages/ui_page_welcome.o
                0x08002a90                ui_page_welcome_renderer
 .text.ui_setup
                0x08002af4       0x40 ./MID/UI/ui.o
                0x08002af4                ui_setup
 .text.ui_animation_on
                0x08002b34       0x20 ./MID/UI/ui_animation.o
                0x08002b34                ui_animation_on
 *fill*         0x08002b54        0x4 
 .text.ui_animation_calculator
                0x08002b58      0x298 ./MID/UI/ui_animation.o
                0x08002b58                ui_animation_calculator
 .text.easeOutQuad
                0x08002df0       0x32 ./MID/UI/ui_animation.o
                0x08002df0                easeOutQuad
 *fill*         0x08002e22        0x2 
 .text.ui_draw_element
                0x08002e24       0xa0 ./MID/UI/ui_element.o
                0x08002e24                ui_draw_element
 .text.ui_draw_page
                0x08002ec4       0x2c ./MID/UI/ui_pages.o
                0x08002ec4                ui_draw_page
 .text.u8g2_DrawBox
                0x08002ef0       0x6c ./MID/u8g2/u8g2_box.o
                0x08002ef0                u8g2_DrawBox
 .text.u8g2_DrawRBox
                0x08002f5c      0x160 ./MID/u8g2/u8g2_box.o
                0x08002f5c                u8g2_DrawRBox
 .text.u8g2_ClearBuffer
                0x080030bc       0x3c ./MID/u8g2/u8g2_buffer.o
                0x080030bc                u8g2_ClearBuffer
 .text.u8g2_send_tile_row
                0x080030f8       0x56 ./MID/u8g2/u8g2_buffer.o
 .text.u8g2_send_buffer
                0x0800314e       0x54 ./MID/u8g2/u8g2_buffer.o
 .text.u8g2_SendBuffer
                0x080031a2       0x1c ./MID/u8g2/u8g2_buffer.o
                0x080031a2                u8g2_SendBuffer
 .text.u8g2_draw_disc_section
                0x080031be      0x112 ./MID/u8g2/u8g2_circle.o
 .text.u8g2_draw_disc
                0x080032d0       0xc6 ./MID/u8g2/u8g2_circle.o
 .text.u8g2_DrawDisc
                0x08003396       0x72 ./MID/u8g2/u8g2_circle.o
                0x08003396                u8g2_DrawDisc
 .text.u8g2_m_16_8_f
                0x08003408       0x20 ./MID/u8g2/u8g2_d_memory.o
                0x08003408                u8g2_m_16_8_f
 .text.u8g2_Setup_ssd1306_128x64_noname_f
                0x08003428       0x50 ./MID/u8g2/u8g2_d_setup.o
                0x08003428                u8g2_Setup_ssd1306_128x64_noname_f
 .text.u8g2_font_get_byte
                0x08003478       0x22 ./MID/u8g2/u8g2_font.o
 .text.u8g2_font_get_word
                0x0800349a       0x3e ./MID/u8g2/u8g2_font.o
 .text.u8g2_read_font_info
                0x080034d8      0x152 ./MID/u8g2/u8g2_font.o
                0x080034d8                u8g2_read_font_info
 .text.u8g2_font_decode_get_unsigned_bits
                0x0800362a       0x94 ./MID/u8g2/u8g2_font.o
                0x0800362a                u8g2_font_decode_get_unsigned_bits
 .text.u8g2_font_decode_get_signed_bits
                0x080036be       0x46 ./MID/u8g2/u8g2_font.o
                0x080036be                u8g2_font_decode_get_signed_bits
 .text.u8g2_add_vector_y
                0x08003704       0x76 ./MID/u8g2/u8g2_font.o
                0x08003704                u8g2_add_vector_y
 .text.u8g2_add_vector_x
                0x0800377a       0x76 ./MID/u8g2/u8g2_font.o
                0x0800377a                u8g2_add_vector_x
 .text.u8g2_font_decode_len
                0x080037f0      0x110 ./MID/u8g2/u8g2_font.o
                0x080037f0                u8g2_font_decode_len
 .text.u8g2_font_setup_decode
                0x08003900       0x6e ./MID/u8g2/u8g2_font.o
 *fill*         0x0800396e        0x2 
 .text.u8g2_font_decode_glyph
                0x08003970      0x21c ./MID/u8g2/u8g2_font.o
                0x08003970                u8g2_font_decode_glyph
 .text.u8g2_font_get_glyph_data
                0x08003b8c      0x100 ./MID/u8g2/u8g2_font.o
                0x08003b8c                u8g2_font_get_glyph_data
 .text.u8g2_font_draw_glyph
                0x08003c8c       0x56 ./MID/u8g2/u8g2_font.o
 *fill*         0x08003ce2        0x2 
 .text.u8g2_DrawGlyph
                0x08003ce4       0xa4 ./MID/u8g2/u8g2_font.o
                0x08003ce4                u8g2_DrawGlyph
 .text.u8g2_draw_string
                0x08003d88       0xb8 ./MID/u8g2/u8g2_font.o
 .text.u8g2_DrawStr
                0x08003e40       0x34 ./MID/u8g2/u8g2_font.o
                0x08003e40                u8g2_DrawStr
 .text.u8g2_UpdateRefHeight
                0x08003e74       0xd6 ./MID/u8g2/u8g2_font.o
                0x08003e74                u8g2_UpdateRefHeight
 .text.u8g2_font_calc_vref_font
                0x08003f4a       0x14 ./MID/u8g2/u8g2_font.o
                0x08003f4a                u8g2_font_calc_vref_font
 *fill*         0x08003f5e        0x2 
 .text.u8g2_SetFontPosBaseline
                0x08003f60       0x1c ./MID/u8g2/u8g2_font.o
                0x08003f60                u8g2_SetFontPosBaseline
 .text.u8g2_SetFont
                0x08003f7c       0x34 ./MID/u8g2/u8g2_font.o
                0x08003f7c                u8g2_SetFont
 .text.u8g2_clip_intersection2
                0x08003fb0       0x9a ./MID/u8g2/u8g2_hvline.o
 .text.u8g2_draw_hv_line_2dir
                0x0800404a       0x42 ./MID/u8g2/u8g2_hvline.o
                0x0800404a                u8g2_draw_hv_line_2dir
 .text.u8g2_DrawHVLine
                0x0800408c      0x116 ./MID/u8g2/u8g2_hvline.o
                0x0800408c                u8g2_DrawHVLine
 .text.u8g2_DrawVLine
                0x080041a2       0x32 ./MID/u8g2/u8g2_hvline.o
                0x080041a2                u8g2_DrawVLine
 .text.u8g2_is_intersection_decision_tree
                0x080041d4       0x66 ./MID/u8g2/u8g2_intersection.o
                0x080041d4                u8g2_is_intersection_decision_tree
 .text.u8g2_IsIntersection
                0x0800423a       0x56 ./MID/u8g2/u8g2_intersection.o
                0x0800423a                u8g2_IsIntersection
 .text.u8g2_ll_hvline_vertical_top_lsb
                0x08004290      0x13e ./MID/u8g2/u8g2_ll_hvline.o
                0x08004290                u8g2_ll_hvline_vertical_top_lsb
 .text.u8g2_SetMaxClipWindow
                0x080043ce       0x3e ./MID/u8g2/u8g2_setup.o
                0x080043ce                u8g2_SetMaxClipWindow
 .text.u8g2_SetupBuffer
                0x0800440c       0x7e ./MID/u8g2/u8g2_setup.o
                0x0800440c                u8g2_SetupBuffer
 .text.u8g2_update_dimension_common
                0x0800448a       0xbe ./MID/u8g2/u8g2_setup.o
 .text.u8g2_apply_clip_window
                0x08004548       0xba ./MID/u8g2/u8g2_setup.o
 .text.u8g2_update_dimension_r0
                0x08004602       0x16 ./MID/u8g2/u8g2_setup.o
                0x08004602                u8g2_update_dimension_r0
 .text.u8g2_update_page_win_r0
                0x08004618       0x42 ./MID/u8g2/u8g2_setup.o
                0x08004618                u8g2_update_page_win_r0
 .text.u8g2_draw_l90_r0
                0x0800465a       0x34 ./MID/u8g2/u8g2_setup.o
                0x0800465a                u8g2_draw_l90_r0
 .text.u8x8_utf8_init
                0x0800468e       0x1a ./MID/u8g2/u8x8_8x8.o
                0x0800468e                u8x8_utf8_init
 .text.u8x8_ascii_next
                0x080046a8       0x2c ./MID/u8g2/u8x8_8x8.o
                0x080046a8                u8x8_ascii_next
 .text.u8x8_byte_SetDC
                0x080046d4       0x24 ./MID/u8g2/u8x8_byte.o
                0x080046d4                u8x8_byte_SetDC
 .text.u8x8_byte_SendBytes
                0x080046f8       0x26 ./MID/u8g2/u8x8_byte.o
                0x080046f8                u8x8_byte_SendBytes
 .text.u8x8_byte_SendByte
                0x0800471e       0x22 ./MID/u8g2/u8x8_byte.o
                0x0800471e                u8x8_byte_SendByte
 .text.u8x8_cad_SendCmd
                0x08004740       0x24 ./MID/u8g2/u8x8_cad.o
                0x08004740                u8x8_cad_SendCmd
 .text.u8x8_cad_SendArg
                0x08004764       0x24 ./MID/u8g2/u8x8_cad.o
                0x08004764                u8x8_cad_SendArg
 .text.u8x8_cad_SendData
                0x08004788       0x26 ./MID/u8g2/u8x8_cad.o
                0x08004788                u8x8_cad_SendData
 .text.u8x8_cad_StartTransfer
                0x080047ae       0x20 ./MID/u8g2/u8x8_cad.o
                0x080047ae                u8x8_cad_StartTransfer
 .text.u8x8_cad_EndTransfer
                0x080047ce       0x20 ./MID/u8g2/u8x8_cad.o
                0x080047ce                u8x8_cad_EndTransfer
 .text.u8x8_cad_SendSequence
                0x080047ee       0xa4 ./MID/u8g2/u8x8_cad.o
                0x080047ee                u8x8_cad_SendSequence
 *fill*         0x08004892        0x2 
 .text.u8x8_cad_001
                0x08004894       0x88 ./MID/u8g2/u8x8_cad.o
                0x08004894                u8x8_cad_001
 .text.u8x8_d_ssd1306_sh1106_generic
                0x0800491c      0x150 ./MID/u8g2/u8x8_d_ssd1306_128x64_noname.o
 .text.u8x8_d_ssd1306_128x64_noname
                0x08004a6c       0x64 ./MID/u8g2/u8x8_d_ssd1306_128x64_noname.o
                0x08004a6c                u8x8_d_ssd1306_128x64_noname
 .text.u8x8_d_helper_display_setup_memory
                0x08004ad0       0x26 ./MID/u8g2/u8x8_display.o
                0x08004ad0                u8x8_d_helper_display_setup_memory
 .text.u8x8_d_helper_display_init
                0x08004af6       0x7a ./MID/u8g2/u8x8_display.o
                0x08004af6                u8x8_d_helper_display_init
 .text.u8x8_DrawTile
                0x08004b70       0x44 ./MID/u8g2/u8x8_display.o
                0x08004b70                u8x8_DrawTile
 .text.u8x8_SetupMemory
                0x08004bb4       0x1e ./MID/u8g2/u8x8_display.o
                0x08004bb4                u8x8_SetupMemory
 .text.u8x8_InitDisplay
                0x08004bd2       0x1e ./MID/u8g2/u8x8_display.o
                0x08004bd2                u8x8_InitDisplay
 .text.u8x8_SetPowerSave
                0x08004bf0       0x22 ./MID/u8g2/u8x8_display.o
                0x08004bf0                u8x8_SetPowerSave
 .text.u8x8_RefreshDisplay
                0x08004c12       0x1e ./MID/u8g2/u8x8_display.o
                0x08004c12                u8x8_RefreshDisplay
 .text.u8x8_gpio_call
                0x08004c30       0x26 ./MID/u8g2/u8x8_gpio.o
                0x08004c30                u8x8_gpio_call
 .text.u8x8_dummy_cb
                0x08004c56       0x1e ./MID/u8g2/u8x8_setup.o
                0x08004c56                u8x8_dummy_cb
 .text.u8x8_SetupDefaults
                0x08004c74       0x5c ./MID/u8g2/u8x8_setup.o
                0x08004c74                u8x8_SetupDefaults
 .text.u8x8_Setup
                0x08004cd0       0x3a ./MID/u8g2/u8x8_setup.o
                0x08004cd0                u8x8_Setup
 *fill*         0x08004d0a        0x2 
 .text.__NVIC_SetPriority
                0x08004d0c       0x54 ./Middlewares/Third_Party/FreeRTOS/Source/CMSIS_RTOS_V2/cmsis_os2.o
 .text.SysTick_Handler
                0x08004d60       0x20 ./Middlewares/Third_Party/FreeRTOS/Source/CMSIS_RTOS_V2/cmsis_os2.o
                0x08004d60                SysTick_Handler
 .text.SVC_Setup
                0x08004d80       0x12 ./Middlewares/Third_Party/FreeRTOS/Source/CMSIS_RTOS_V2/cmsis_os2.o
 *fill*         0x08004d92        0x2 
 .text.osKernelInitialize
                0x08004d94       0x44 ./Middlewares/Third_Party/FreeRTOS/Source/CMSIS_RTOS_V2/cmsis_os2.o
                0x08004d94                osKernelInitialize
 .text.osKernelStart
                0x08004dd8       0x4c ./Middlewares/Third_Party/FreeRTOS/Source/CMSIS_RTOS_V2/cmsis_os2.o
                0x08004dd8                osKernelStart
 .text.osThreadNew
                0x08004e24      0x124 ./Middlewares/Third_Party/FreeRTOS/Source/CMSIS_RTOS_V2/cmsis_os2.o
                0x08004e24                osThreadNew
 .text.vApplicationGetIdleTaskMemory
                0x08004f48       0x30 ./Middlewares/Third_Party/FreeRTOS/Source/CMSIS_RTOS_V2/cmsis_os2.o
                0x08004f48                vApplicationGetIdleTaskMemory
 .text.vApplicationGetTimerTaskMemory
                0x08004f78       0x34 ./Middlewares/Third_Party/FreeRTOS/Source/CMSIS_RTOS_V2/cmsis_os2.o
                0x08004f78                vApplicationGetTimerTaskMemory
 .text.vListInitialise
                0x08004fac       0x3e ./Middlewares/Third_Party/FreeRTOS/Source/list.o
                0x08004fac                vListInitialise
 .text.vListInitialiseItem
                0x08004fea       0x18 ./Middlewares/Third_Party/FreeRTOS/Source/list.o
                0x08004fea                vListInitialiseItem
 .text.vListInsertEnd
                0x08005002       0x46 ./Middlewares/Third_Party/FreeRTOS/Source/list.o
                0x08005002                vListInsertEnd
 .text.vListInsert
                0x08005048       0x70 ./Middlewares/Third_Party/FreeRTOS/Source/list.o
                0x08005048                vListInsert
 .text.uxListRemove
                0x080050b8       0x52 ./Middlewares/Third_Party/FreeRTOS/Source/list.o
                0x080050b8                uxListRemove
 *fill*         0x0800510a        0x2 
 .text.xQueueGenericReset
                0x0800510c       0xd4 ./Middlewares/Third_Party/FreeRTOS/Source/queue.o
                0x0800510c                xQueueGenericReset
 .text.xQueueGenericCreateStatic
                0x080051e0       0xfa ./Middlewares/Third_Party/FreeRTOS/Source/queue.o
                0x080051e0                xQueueGenericCreateStatic
 .text.prvInitialiseNewQueue
                0x080052da       0x46 ./Middlewares/Third_Party/FreeRTOS/Source/queue.o
 .text.xQueueGenericSend
                0x08005320      0x204 ./Middlewares/Third_Party/FreeRTOS/Source/queue.o
                0x08005320                xQueueGenericSend
 .text.xQueueGenericSendFromISR
                0x08005524      0x13c ./Middlewares/Third_Party/FreeRTOS/Source/queue.o
                0x08005524                xQueueGenericSendFromISR
 .text.xQueueReceive
                0x08005660      0x1c4 ./Middlewares/Third_Party/FreeRTOS/Source/queue.o
                0x08005660                xQueueReceive
 .text.prvCopyDataToQueue
                0x08005824       0xd4 ./Middlewares/Third_Party/FreeRTOS/Source/queue.o
 .text.prvCopyDataFromQueue
                0x080058f8       0x4c ./Middlewares/Third_Party/FreeRTOS/Source/queue.o
 .text.prvUnlockQueue
                0x08005944       0xa4 ./Middlewares/Third_Party/FreeRTOS/Source/queue.o
 .text.prvIsQueueEmpty
                0x080059e8       0x2c ./Middlewares/Third_Party/FreeRTOS/Source/queue.o
 .text.prvIsQueueFull
                0x08005a14       0x30 ./Middlewares/Third_Party/FreeRTOS/Source/queue.o
 .text.vQueueAddToRegistry
                0x08005a44       0x50 ./Middlewares/Third_Party/FreeRTOS/Source/queue.o
                0x08005a44                vQueueAddToRegistry
 .text.vQueueWaitForMessageRestricted
                0x08005a94       0x68 ./Middlewares/Third_Party/FreeRTOS/Source/queue.o
                0x08005a94                vQueueWaitForMessageRestricted
 .text.xTaskCreateStatic
                0x08005afc       0xc0 ./Middlewares/Third_Party/FreeRTOS/Source/tasks.o
                0x08005afc                xTaskCreateStatic
 .text.xTaskCreate
                0x08005bbc       0x8a ./Middlewares/Third_Party/FreeRTOS/Source/tasks.o
                0x08005bbc                xTaskCreate
 *fill*         0x08005c46        0x2 
 .text.prvInitialiseNewTask
                0x08005c48      0x150 ./Middlewares/Third_Party/FreeRTOS/Source/tasks.o
 .text.prvAddNewTaskToReadyList
                0x08005d98       0xe0 ./Middlewares/Third_Party/FreeRTOS/Source/tasks.o
 .text.vTaskDelay
                0x08005e78       0x6c ./Middlewares/Third_Party/FreeRTOS/Source/tasks.o
                0x08005e78                vTaskDelay
 .text.vTaskStartScheduler
                0x08005ee4       0xe0 ./Middlewares/Third_Party/FreeRTOS/Source/tasks.o
                0x08005ee4                vTaskStartScheduler
 .text.vTaskSuspendAll
                0x08005fc4       0x1c ./Middlewares/Third_Party/FreeRTOS/Source/tasks.o
                0x08005fc4                vTaskSuspendAll
 .text.xTaskResumeAll
                0x08005fe0      0x13c ./Middlewares/Third_Party/FreeRTOS/Source/tasks.o
                0x08005fe0                xTaskResumeAll
 .text.xTaskGetTickCount
                0x0800611c       0x1c ./Middlewares/Third_Party/FreeRTOS/Source/tasks.o
                0x0800611c                xTaskGetTickCount
 .text.xTaskIncrementTick
                0x08006138      0x174 ./Middlewares/Third_Party/FreeRTOS/Source/tasks.o
                0x08006138                xTaskIncrementTick
 .text.vTaskSwitchContext
                0x080062ac       0xc8 ./Middlewares/Third_Party/FreeRTOS/Source/tasks.o
                0x080062ac                vTaskSwitchContext
 .text.vTaskPlaceOnEventList
                0x08006374       0x4c ./Middlewares/Third_Party/FreeRTOS/Source/tasks.o
                0x08006374                vTaskPlaceOnEventList
 .text.vTaskPlaceOnEventListRestricted
                0x080063c0       0x58 ./Middlewares/Third_Party/FreeRTOS/Source/tasks.o
                0x080063c0                vTaskPlaceOnEventListRestricted
 .text.xTaskRemoveFromEventList
                0x08006418       0xc8 ./Middlewares/Third_Party/FreeRTOS/Source/tasks.o
                0x08006418                xTaskRemoveFromEventList
 .text.vTaskInternalSetTimeOutState
                0x080064e0       0x2c ./Middlewares/Third_Party/FreeRTOS/Source/tasks.o
                0x080064e0                vTaskInternalSetTimeOutState
 .text.xTaskCheckForTimeOut
                0x0800650c       0xc8 ./Middlewares/Third_Party/FreeRTOS/Source/tasks.o
                0x0800650c                xTaskCheckForTimeOut
 .text.vTaskMissedYield
                0x080065d4       0x18 ./Middlewares/Third_Party/FreeRTOS/Source/tasks.o
                0x080065d4                vTaskMissedYield
 .text.prvIdleTask
                0x080065ec       0x30 ./Middlewares/Third_Party/FreeRTOS/Source/tasks.o
 .text.prvInitialiseTaskLists
                0x0800661c       0x80 ./Middlewares/Third_Party/FreeRTOS/Source/tasks.o
 .text.prvCheckTasksWaitingTermination
                0x0800669c       0x5c ./Middlewares/Third_Party/FreeRTOS/Source/tasks.o
 .text.prvDeleteTCB
                0x080066f8       0x6a ./Middlewares/Third_Party/FreeRTOS/Source/tasks.o
 *fill*         0x08006762        0x2 
 .text.prvResetNextTaskUnblockTime
                0x08006764       0x40 ./Middlewares/Third_Party/FreeRTOS/Source/tasks.o
 .text.xTaskGetSchedulerState
                0x080067a4       0x3c ./Middlewares/Third_Party/FreeRTOS/Source/tasks.o
                0x080067a4                xTaskGetSchedulerState
 .text.xTaskPriorityDisinherit
                0x080067e0       0xe0 ./Middlewares/Third_Party/FreeRTOS/Source/tasks.o
                0x080067e0                xTaskPriorityDisinherit
 .text.prvAddCurrentTaskToDelayedList
                0x080068c0       0xa8 ./Middlewares/Third_Party/FreeRTOS/Source/tasks.o
 .text.xTimerCreateTimerTask
                0x08006968       0x94 ./Middlewares/Third_Party/FreeRTOS/Source/timers.o
                0x08006968                xTimerCreateTimerTask
 .text.xTimerGenericCommand
                0x080069fc       0x9c ./Middlewares/Third_Party/FreeRTOS/Source/timers.o
                0x080069fc                xTimerGenericCommand
 .text.prvProcessExpiredTimer
                0x08006a98       0x9c ./Middlewares/Third_Party/FreeRTOS/Source/timers.o
 .text.prvTimerTask
                0x08006b34       0x26 ./Middlewares/Third_Party/FreeRTOS/Source/timers.o
 *fill*         0x08006b5a        0x2 
 .text.prvProcessTimerOrBlockTask
                0x08006b5c       0x9c ./Middlewares/Third_Party/FreeRTOS/Source/timers.o
 .text.prvGetNextExpireTime
                0x08006bf8       0x44 ./Middlewares/Third_Party/FreeRTOS/Source/timers.o
 .text.prvSampleTimeNow
                0x08006c3c       0x40 ./Middlewares/Third_Party/FreeRTOS/Source/timers.o
 .text.prvInsertTimerInActiveList
                0x08006c7c       0x84 ./Middlewares/Third_Party/FreeRTOS/Source/timers.o
 .text.prvProcessReceivedCommands
                0x08006d00      0x1cc ./Middlewares/Third_Party/FreeRTOS/Source/timers.o
 .text.prvSwitchTimerLists
                0x08006ecc       0xcc ./Middlewares/Third_Party/FreeRTOS/Source/timers.o
 .text.prvCheckForValidListAndQueue
                0x08006f98       0x80 ./Middlewares/Third_Party/FreeRTOS/Source/timers.o
 .text.pxPortInitialiseStack
                0x08007018       0x58 ./Middlewares/Third_Party/FreeRTOS/Source/portable/GCC/ARM_CM3/port.o
                0x08007018                pxPortInitialiseStack
 .text.prvTaskExitError
                0x08007070       0x58 ./Middlewares/Third_Party/FreeRTOS/Source/portable/GCC/ARM_CM3/port.o
 *fill*         0x080070c8        0x8 
 .text.SVC_Handler
                0x080070d0       0x28 ./Middlewares/Third_Party/FreeRTOS/Source/portable/GCC/ARM_CM3/port.o
                0x080070d0                SVC_Handler
 .text.prvPortStartFirstTask
                0x080070f8       0x20 ./Middlewares/Third_Party/FreeRTOS/Source/portable/GCC/ARM_CM3/port.o
 .text.xPortStartScheduler
                0x08007118       0xe4 ./Middlewares/Third_Party/FreeRTOS/Source/portable/GCC/ARM_CM3/port.o
                0x08007118                xPortStartScheduler
 .text.vPortEnterCritical
                0x080071fc       0x60 ./Middlewares/Third_Party/FreeRTOS/Source/portable/GCC/ARM_CM3/port.o
                0x080071fc                vPortEnterCritical
 .text.vPortExitCritical
                0x0800725c       0x54 ./Middlewares/Third_Party/FreeRTOS/Source/portable/GCC/ARM_CM3/port.o
                0x0800725c                vPortExitCritical
 .text.PendSV_Handler
                0x080072b0       0x48 ./Middlewares/Third_Party/FreeRTOS/Source/portable/GCC/ARM_CM3/port.o
                0x080072b0                PendSV_Handler
 .text.xPortSysTickHandler
                0x080072f8       0x44 ./Middlewares/Third_Party/FreeRTOS/Source/portable/GCC/ARM_CM3/port.o
                0x080072f8                xPortSysTickHandler
 .text.vPortSetupTimerInterrupt
                0x0800733c       0x44 ./Middlewares/Third_Party/FreeRTOS/Source/portable/GCC/ARM_CM3/port.o
                0x0800733c                vPortSetupTimerInterrupt
 .text.vPortValidateInterruptPriority
                0x08007380       0x80 ./Middlewares/Third_Party/FreeRTOS/Source/portable/GCC/ARM_CM3/port.o
                0x08007380                vPortValidateInterruptPriority
 .text.pvPortMalloc
                0x08007400      0x19c ./Middlewares/Third_Party/FreeRTOS/Source/portable/MemMang/heap_4.o
                0x08007400                pvPortMalloc
 .text.vPortFree
                0x0800759c       0xc8 ./Middlewares/Third_Party/FreeRTOS/Source/portable/MemMang/heap_4.o
                0x0800759c                vPortFree
 .text.prvHeapInit
                0x08007664       0xc4 ./Middlewares/Third_Party/FreeRTOS/Source/portable/MemMang/heap_4.o
 .text.prvInsertBlockIntoFreeList
                0x08007728       0xb0 ./Middlewares/Third_Party/FreeRTOS/Source/portable/MemMang/heap_4.o
 .text.memset   0x080077d8       0x10 D:/APP/STM32CubeIDE_1.16.1/STM32CubeIDE/plugins/com.st.stm32cube.ide.mcu.externaltools.gnu-tools-for-stm32.13.3.rel1.win32_1.0.0.202411081344/tools/bin/../lib/gcc/arm-none-eabi/13.3.1/../../../../arm-none-eabi/lib/thumb/v7-m/nofp\libc_nano.a(libc_a-memset.o)
                0x080077d8                memset
 .text._reclaim_reent
                0x080077e8       0xbc D:/APP/STM32CubeIDE_1.16.1/STM32CubeIDE/plugins/com.st.stm32cube.ide.mcu.externaltools.gnu-tools-for-stm32.13.3.rel1.win32_1.0.0.202411081344/tools/bin/../lib/gcc/arm-none-eabi/13.3.1/../../../../arm-none-eabi/lib/thumb/v7-m/nofp\libc_nano.a(libc_a-reent.o)
                0x080077e8                _reclaim_reent
 .text.__libc_init_array
                0x080078a4       0x48 D:/APP/STM32CubeIDE_1.16.1/STM32CubeIDE/plugins/com.st.stm32cube.ide.mcu.externaltools.gnu-tools-for-stm32.13.3.rel1.win32_1.0.0.202411081344/tools/bin/../lib/gcc/arm-none-eabi/13.3.1/../../../../arm-none-eabi/lib/thumb/v7-m/nofp\libc_nano.a(libc_a-init.o)
                0x080078a4                __libc_init_array
 .text.__retarget_lock_acquire_recursive
                0x080078ec        0x2 D:/APP/STM32CubeIDE_1.16.1/STM32CubeIDE/plugins/com.st.stm32cube.ide.mcu.externaltools.gnu-tools-for-stm32.13.3.rel1.win32_1.0.0.202411081344/tools/bin/../lib/gcc/arm-none-eabi/13.3.1/../../../../arm-none-eabi/lib/thumb/v7-m/nofp\libc_nano.a(libc_a-lock.o)
                0x080078ec                __retarget_lock_acquire_recursive
 .text.__retarget_lock_release_recursive
                0x080078ee        0x2 D:/APP/STM32CubeIDE_1.16.1/STM32CubeIDE/plugins/com.st.stm32cube.ide.mcu.externaltools.gnu-tools-for-stm32.13.3.rel1.win32_1.0.0.202411081344/tools/bin/../lib/gcc/arm-none-eabi/13.3.1/../../../../arm-none-eabi/lib/thumb/v7-m/nofp\libc_nano.a(libc_a-lock.o)
                0x080078ee                __retarget_lock_release_recursive
 .text.memcpy   0x080078f0       0x1c D:/APP/STM32CubeIDE_1.16.1/STM32CubeIDE/plugins/com.st.stm32cube.ide.mcu.externaltools.gnu-tools-for-stm32.13.3.rel1.win32_1.0.0.202411081344/tools/bin/../lib/gcc/arm-none-eabi/13.3.1/../../../../arm-none-eabi/lib/thumb/v7-m/nofp\libc_nano.a(libc_a-memcpy-stub.o)
                0x080078f0                memcpy
 .text._free_r  0x0800790c       0x90 D:/APP/STM32CubeIDE_1.16.1/STM32CubeIDE/plugins/com.st.stm32cube.ide.mcu.externaltools.gnu-tools-for-stm32.13.3.rel1.win32_1.0.0.202411081344/tools/bin/../lib/gcc/arm-none-eabi/13.3.1/../../../../arm-none-eabi/lib/thumb/v7-m/nofp\libc_nano.a(libc_a-freer.o)
                0x0800790c                _free_r
 .text.__malloc_lock
                0x0800799c        0xc D:/APP/STM32CubeIDE_1.16.1/STM32CubeIDE/plugins/com.st.stm32cube.ide.mcu.externaltools.gnu-tools-for-stm32.13.3.rel1.win32_1.0.0.202411081344/tools/bin/../lib/gcc/arm-none-eabi/13.3.1/../../../../arm-none-eabi/lib/thumb/v7-m/nofp\libc_nano.a(libc_a-mlock.o)
                0x0800799c                __malloc_lock
 .text.__malloc_unlock
                0x080079a8        0xc D:/APP/STM32CubeIDE_1.16.1/STM32CubeIDE/plugins/com.st.stm32cube.ide.mcu.externaltools.gnu-tools-for-stm32.13.3.rel1.win32_1.0.0.202411081344/tools/bin/../lib/gcc/arm-none-eabi/13.3.1/../../../../arm-none-eabi/lib/thumb/v7-m/nofp\libc_nano.a(libc_a-mlock.o)
                0x080079a8                __malloc_unlock
 *(.glue_7)
 .glue_7        0x080079b4        0x0 linker stubs
 *(.glue_7t)
 .glue_7t       0x080079b4        0x0 linker stubs
 *(.eh_frame)
 .eh_frame      0x080079b4        0x0 D:/APP/STM32CubeIDE_1.16.1/STM32CubeIDE/plugins/com.st.stm32cube.ide.mcu.externaltools.gnu-tools-for-stm32.13.3.rel1.win32_1.0.0.202411081344/tools/bin/../lib/gcc/arm-none-eabi/13.3.1/thumb/v7-m/nofp/crtbegin.o
 *(.init)
 .init          0x080079b4        0x4 D:/APP/STM32CubeIDE_1.16.1/STM32CubeIDE/plugins/com.st.stm32cube.ide.mcu.externaltools.gnu-tools-for-stm32.13.3.rel1.win32_1.0.0.202411081344/tools/bin/../lib/gcc/arm-none-eabi/13.3.1/thumb/v7-m/nofp/crti.o
                0x080079b4                _init
 .init          0x080079b8        0x8 D:/APP/STM32CubeIDE_1.16.1/STM32CubeIDE/plugins/com.st.stm32cube.ide.mcu.externaltools.gnu-tools-for-stm32.13.3.rel1.win32_1.0.0.202411081344/tools/bin/../lib/gcc/arm-none-eabi/13.3.1/thumb/v7-m/nofp/crtn.o
 *(.fini)
 .fini          0x080079c0        0x4 D:/APP/STM32CubeIDE_1.16.1/STM32CubeIDE/plugins/com.st.stm32cube.ide.mcu.externaltools.gnu-tools-for-stm32.13.3.rel1.win32_1.0.0.202411081344/tools/bin/../lib/gcc/arm-none-eabi/13.3.1/thumb/v7-m/nofp/crti.o
                0x080079c0                _fini
 .fini          0x080079c4        0x8 D:/APP/STM32CubeIDE_1.16.1/STM32CubeIDE/plugins/com.st.stm32cube.ide.mcu.externaltools.gnu-tools-for-stm32.13.3.rel1.win32_1.0.0.202411081344/tools/bin/../lib/gcc/arm-none-eabi/13.3.1/thumb/v7-m/nofp/crtn.o
                0x080079cc                        . = ALIGN (0x4)
                0x080079cc                        _etext = .

.vfp11_veneer   0x080079cc        0x0
 .vfp11_veneer  0x080079cc        0x0 linker stubs

.v4_bx          0x080079cc        0x0
 .v4_bx         0x080079cc        0x0 linker stubs

.iplt           0x080079cc        0x0
 .iplt          0x080079cc        0x0 D:/APP/STM32CubeIDE_1.16.1/STM32CubeIDE/plugins/com.st.stm32cube.ide.mcu.externaltools.gnu-tools-for-stm32.13.3.rel1.win32_1.0.0.202411081344/tools/bin/../lib/gcc/arm-none-eabi/13.3.1/thumb/v7-m/nofp/crtbegin.o

.rodata         0x080079cc      0xd30
                0x080079cc                        . = ALIGN (0x4)
 *(.rodata)
 .rodata        0x080079cc       0x1b ./Core/Src/freertos.o
 *fill*         0x080079e7        0x1 
 .rodata        0x080079e8        0x8 ./MID/UI/ui_element.o
 .rodata        0x080079f0        0x5 ./Middlewares/Third_Party/FreeRTOS/Source/tasks.o
 *fill*         0x080079f5        0x3 
 .rodata        0x080079f8        0xd ./Middlewares/Third_Party/FreeRTOS/Source/timers.o
 *(.rodata*)
 *fill*         0x08007a05        0x3 
 .rodata.defaultTask_attributes
                0x08007a08       0x24 ./Core/Src/freertos.o
                0x08007a08                defaultTask_attributes
 .rodata.render_ui_Task_attributes
                0x08007a2c       0x24 ./Core/Src/freertos.o
                0x08007a2c                render_ui_Task_attributes
 .rodata.AHBPrescTable
                0x08007a50       0x10 ./Core/Src/system_stm32f1xx.o
                0x08007a50                AHBPrescTable
 .rodata.APBPrescTable
                0x08007a60        0x8 ./Core/Src/system_stm32f1xx.o
                0x08007a60                APBPrescTable
 .rodata.aPLLMULFactorTable.1
                0x08007a68       0x10 ./Drivers/STM32F1xx_HAL_Driver/Src/stm32f1xx_hal_rcc.o
 .rodata.aPredivFactorTable.0
                0x08007a78        0x2 ./Drivers/STM32F1xx_HAL_Driver/Src/stm32f1xx_hal_rcc.o
 *fill*         0x08007a7a        0x2 
 .rodata.u8g2_font_logisoso16_tf
                0x08007a7c      0xc03 ./MID/u8g2/u8g2_fonts.o
                0x08007a7c                u8g2_font_logisoso16_tf
 *fill*         0x0800867f        0x1 
 .rodata.u8g2_cb_r0
                0x08008680        0xc ./MID/u8g2/u8g2_setup.o
                0x08008680                u8g2_cb_r0
 .rodata.u8x8_d_ssd1306_128x64_noname_init_seq
                0x0800868c       0x35 ./MID/u8g2/u8x8_d_ssd1306_128x64_noname.o
 *fill*         0x080086c1        0x3 
 .rodata.u8x8_d_ssd1306_128x64_noname_powersave0_seq
                0x080086c4        0x5 ./MID/u8g2/u8x8_d_ssd1306_128x64_noname.o
 *fill*         0x080086c9        0x3 
 .rodata.u8x8_d_ssd1306_128x64_noname_powersave1_seq
                0x080086cc        0x5 ./MID/u8g2/u8x8_d_ssd1306_128x64_noname.o
 *fill*         0x080086d1        0x3 
 .rodata.u8x8_d_ssd1306_128x64_noname_flip0_seq
                0x080086d4        0x7 ./MID/u8g2/u8x8_d_ssd1306_128x64_noname.o
 *fill*         0x080086db        0x1 
 .rodata.u8x8_d_ssd1306_128x64_noname_flip1_seq
                0x080086dc        0x7 ./MID/u8g2/u8x8_d_ssd1306_128x64_noname.o
 *fill*         0x080086e3        0x1 
 .rodata.u8x8_ssd1306_128x64_noname_display_info
                0x080086e4       0x18 ./MID/u8g2/u8x8_d_ssd1306_128x64_noname.o
                0x080086fc                        . = ALIGN (0x4)

.ARM.extab      0x080086fc        0x0
                0x080086fc                        . = ALIGN (0x4)
 *(.ARM.extab* .gnu.linkonce.armextab.*)
                0x080086fc                        . = ALIGN (0x4)

.ARM            0x080086fc        0x0
                0x080086fc                        . = ALIGN (0x4)
                0x080086fc                        __exidx_start = .
 *(.ARM.exidx*)
                0x080086fc                        __exidx_end = .
                0x080086fc                        . = ALIGN (0x4)

.preinit_array  0x080086fc        0x0
                0x080086fc                        . = ALIGN (0x4)
                0x080086fc                        PROVIDE (__preinit_array_start = .)
 *(.preinit_array*)
                0x080086fc                        PROVIDE (__preinit_array_end = .)
                0x080086fc                        . = ALIGN (0x4)

.init_array     0x080086fc        0x4
                0x080086fc                        . = ALIGN (0x4)
                0x080086fc                        PROVIDE (__init_array_start = .)
 *(SORT_BY_NAME(.init_array.*))
 *(.init_array*)
 .init_array    0x080086fc        0x4 D:/APP/STM32CubeIDE_1.16.1/STM32CubeIDE/plugins/com.st.stm32cube.ide.mcu.externaltools.gnu-tools-for-stm32.13.3.rel1.win32_1.0.0.202411081344/tools/bin/../lib/gcc/arm-none-eabi/13.3.1/thumb/v7-m/nofp/crtbegin.o
                0x08008700                        PROVIDE (__init_array_end = .)
                0x08008700                        . = ALIGN (0x4)

.fini_array     0x08008700        0x4
                0x08008700                        . = ALIGN (0x4)
                [!provide]                        PROVIDE (__fini_array_start = .)
 *(SORT_BY_NAME(.fini_array.*))
 *(.fini_array*)
 .fini_array    0x08008700        0x4 D:/APP/STM32CubeIDE_1.16.1/STM32CubeIDE/plugins/com.st.stm32cube.ide.mcu.externaltools.gnu-tools-for-stm32.13.3.rel1.win32_1.0.0.202411081344/tools/bin/../lib/gcc/arm-none-eabi/13.3.1/thumb/v7-m/nofp/crtbegin.o
                [!provide]                        PROVIDE (__fini_array_end = .)
                0x08008704                        . = ALIGN (0x4)
                0x08008704                        _sidata = LOADADDR (.data)

.rel.dyn        0x08008704        0x0
 .rel.iplt      0x08008704        0x0 D:/APP/STM32CubeIDE_1.16.1/STM32CubeIDE/plugins/com.st.stm32cube.ide.mcu.externaltools.gnu-tools-for-stm32.13.3.rel1.win32_1.0.0.202411081344/tools/bin/../lib/gcc/arm-none-eabi/13.3.1/thumb/v7-m/nofp/crtbegin.o

.data           0x20000000       0xc0 load address 0x08008704
                0x20000000                        . = ALIGN (0x4)
                0x20000000                        _sdata = .
 *(.data)
 *(.data*)
 .data.SystemCoreClock
                0x20000000        0x4 ./Core/Src/system_stm32f1xx.o
                0x20000000                SystemCoreClock
 .data.uwTickPrio
                0x20000004        0x4 ./Drivers/STM32F1xx_HAL_Driver/Src/stm32f1xx_hal.o
                0x20000004                uwTickPrio
 .data.uwTickFreq
                0x20000008        0x1 ./Drivers/STM32F1xx_HAL_Driver/Src/stm32f1xx_hal.o
                0x20000008                uwTickFreq
 *fill*         0x20000009        0x3 
 .data.ui_page_home
                0x2000000c       0x10 ./MID/UI/pages/ui_page_home.o
                0x2000000c                ui_page_home
 .data.__compound_literal.0
                0x2000001c        0x8 ./MID/UI/pages/ui_page_menu.o
 .data.ui_page_menu
                0x20000024       0x10 ./MID/UI/pages/ui_page_menu.o
                0x20000024                ui_page_menu
 .data.__compound_literal.0
                0x20000034        0x8 ./MID/UI/pages/ui_page_welcome.o
 .data.ui_page_welcome
                0x2000003c       0x10 ./MID/UI/pages/ui_page_welcome.o
                0x2000003c                ui_page_welcome
 .data.__compound_literal.2
                0x2000004c        0x8 ./MID/UI/pages/ui_page_welcome.o
 .data.__compound_literal.3
                0x20000054        0x8 ./MID/UI/pages/ui_page_welcome.o
 .data.ui_el_str
                0x2000005c       0x10 ./MID/UI/pages/ui_page_welcome.o
                0x2000005c                ui_el_str
 .data.uxCriticalNesting
                0x2000006c        0x4 ./Middlewares/Third_Party/FreeRTOS/Source/portable/GCC/ARM_CM3/port.o
 .data._impure_ptr
                0x20000070        0x4 D:/APP/STM32CubeIDE_1.16.1/STM32CubeIDE/plugins/com.st.stm32cube.ide.mcu.externaltools.gnu-tools-for-stm32.13.3.rel1.win32_1.0.0.202411081344/tools/bin/../lib/gcc/arm-none-eabi/13.3.1/../../../../arm-none-eabi/lib/thumb/v7-m/nofp\libc_nano.a(libc_a-impure.o)
                0x20000070                _impure_ptr
 .data._impure_data
                0x20000074       0x4c D:/APP/STM32CubeIDE_1.16.1/STM32CubeIDE/plugins/com.st.stm32cube.ide.mcu.externaltools.gnu-tools-for-stm32.13.3.rel1.win32_1.0.0.202411081344/tools/bin/../lib/gcc/arm-none-eabi/13.3.1/../../../../arm-none-eabi/lib/thumb/v7-m/nofp\libc_nano.a(libc_a-impure.o)
                0x20000074                _impure_data
 *(.RamFunc)
 *(.RamFunc*)
                0x200000c0                        . = ALIGN (0x4)
                0x200000c0                        _edata = .

.igot.plt       0x200000c0        0x0 load address 0x080087c4
 .igot.plt      0x200000c0        0x0 D:/APP/STM32CubeIDE_1.16.1/STM32CubeIDE/plugins/com.st.stm32cube.ide.mcu.externaltools.gnu-tools-for-stm32.13.3.rel1.win32_1.0.0.202411081344/tools/bin/../lib/gcc/arm-none-eabi/13.3.1/thumb/v7-m/nofp/crtbegin.o
                0x200000c0                        . = ALIGN (0x4)

.bss            0x200000c0     0x20a8 load address 0x080087c4
                0x200000c0                        _sbss = .
                0x200000c0                        __bss_start__ = _sbss
 *(.bss)
 .bss           0x200000c0       0x1c D:/APP/STM32CubeIDE_1.16.1/STM32CubeIDE/plugins/com.st.stm32cube.ide.mcu.externaltools.gnu-tools-for-stm32.13.3.rel1.win32_1.0.0.202411081344/tools/bin/../lib/gcc/arm-none-eabi/13.3.1/thumb/v7-m/nofp/crtbegin.o
 *(.bss*)
 .bss.defaultTaskHandle
                0x200000dc        0x4 ./Core/Src/freertos.o
                0x200000dc                defaultTaskHandle
 .bss.render_ui_TaskHandle
                0x200000e0        0x4 ./Core/Src/freertos.o
                0x200000e0                render_ui_TaskHandle
 .bss.hspi1     0x200000e4       0x58 ./Core/Src/spi.o
                0x200000e4                hspi1
 .bss.htim1     0x2000013c       0x48 ./Core/Src/stm32f1xx_hal_timebase_tim.o
                0x2000013c                htim1
 .bss.uwTick    0x20000184        0x4 ./Drivers/STM32F1xx_HAL_Driver/Src/stm32f1xx_hal.o
                0x20000184                uwTick
 .bss.__compound_literal.0
                0x20000188        0x8 ./MID/UI/pages/ui_page_home.o
 .bss.__compound_literal.1
                0x20000190        0x8 ./MID/UI/pages/ui_page_home.o
 .bss.__compound_literal.1
                0x20000198        0x8 ./MID/UI/pages/ui_page_menu.o
 .bss.__compound_literal.1
                0x200001a0        0x8 ./MID/UI/pages/ui_page_welcome.o
 .bss.u8g2      0x200001a8       0x94 ./MID/UI/ui.o
                0x200001a8                u8g2
 .bss.ui_page   0x2000023c        0x1 ./MID/UI/ui_pages.o
                0x2000023c                ui_page
 *fill*         0x2000023d        0x3 
 .bss.buf.0     0x20000240      0x400 ./MID/u8g2/u8g2_d_memory.o
 .bss.KernelState
                0x20000640        0x4 ./Middlewares/Third_Party/FreeRTOS/Source/CMSIS_RTOS_V2/cmsis_os2.o
 .bss.Idle_TCB.3
                0x20000644       0xa8 ./Middlewares/Third_Party/FreeRTOS/Source/CMSIS_RTOS_V2/cmsis_os2.o
 .bss.Idle_Stack.2
                0x200006ec      0x200 ./Middlewares/Third_Party/FreeRTOS/Source/CMSIS_RTOS_V2/cmsis_os2.o
 .bss.Timer_TCB.1
                0x200008ec       0xa8 ./Middlewares/Third_Party/FreeRTOS/Source/CMSIS_RTOS_V2/cmsis_os2.o
 .bss.Timer_Stack.0
                0x20000994      0x400 ./Middlewares/Third_Party/FreeRTOS/Source/CMSIS_RTOS_V2/cmsis_os2.o
 .bss.xQueueRegistry
                0x20000d94       0x40 ./Middlewares/Third_Party/FreeRTOS/Source/queue.o
                0x20000d94                xQueueRegistry
 .bss.pxCurrentTCB
                0x20000dd4        0x4 ./Middlewares/Third_Party/FreeRTOS/Source/tasks.o
                0x20000dd4                pxCurrentTCB
 .bss.pxReadyTasksLists
                0x20000dd8      0x460 ./Middlewares/Third_Party/FreeRTOS/Source/tasks.o
 .bss.xDelayedTaskList1
                0x20001238       0x14 ./Middlewares/Third_Party/FreeRTOS/Source/tasks.o
 .bss.xDelayedTaskList2
                0x2000124c       0x14 ./Middlewares/Third_Party/FreeRTOS/Source/tasks.o
 .bss.pxDelayedTaskList
                0x20001260        0x4 ./Middlewares/Third_Party/FreeRTOS/Source/tasks.o
 .bss.pxOverflowDelayedTaskList
                0x20001264        0x4 ./Middlewares/Third_Party/FreeRTOS/Source/tasks.o
 .bss.xPendingReadyList
                0x20001268       0x14 ./Middlewares/Third_Party/FreeRTOS/Source/tasks.o
 .bss.xTasksWaitingTermination
                0x2000127c       0x14 ./Middlewares/Third_Party/FreeRTOS/Source/tasks.o
 .bss.uxDeletedTasksWaitingCleanUp
                0x20001290        0x4 ./Middlewares/Third_Party/FreeRTOS/Source/tasks.o
 .bss.xSuspendedTaskList
                0x20001294       0x14 ./Middlewares/Third_Party/FreeRTOS/Source/tasks.o
 .bss.uxCurrentNumberOfTasks
                0x200012a8        0x4 ./Middlewares/Third_Party/FreeRTOS/Source/tasks.o
 .bss.xTickCount
                0x200012ac        0x4 ./Middlewares/Third_Party/FreeRTOS/Source/tasks.o
 .bss.uxTopReadyPriority
                0x200012b0        0x4 ./Middlewares/Third_Party/FreeRTOS/Source/tasks.o
 .bss.xSchedulerRunning
                0x200012b4        0x4 ./Middlewares/Third_Party/FreeRTOS/Source/tasks.o
 .bss.xPendedTicks
                0x200012b8        0x4 ./Middlewares/Third_Party/FreeRTOS/Source/tasks.o
 .bss.xYieldPending
                0x200012bc        0x4 ./Middlewares/Third_Party/FreeRTOS/Source/tasks.o
 .bss.xNumOfOverflows
                0x200012c0        0x4 ./Middlewares/Third_Party/FreeRTOS/Source/tasks.o
 .bss.uxTaskNumber
                0x200012c4        0x4 ./Middlewares/Third_Party/FreeRTOS/Source/tasks.o
 .bss.xNextTaskUnblockTime
                0x200012c8        0x4 ./Middlewares/Third_Party/FreeRTOS/Source/tasks.o
 .bss.xIdleTaskHandle
                0x200012cc        0x4 ./Middlewares/Third_Party/FreeRTOS/Source/tasks.o
 .bss.uxSchedulerSuspended
                0x200012d0        0x4 ./Middlewares/Third_Party/FreeRTOS/Source/tasks.o
 .bss.xActiveTimerList1
                0x200012d4       0x14 ./Middlewares/Third_Party/FreeRTOS/Source/timers.o
 .bss.xActiveTimerList2
                0x200012e8       0x14 ./Middlewares/Third_Party/FreeRTOS/Source/timers.o
 .bss.pxCurrentTimerList
                0x200012fc        0x4 ./Middlewares/Third_Party/FreeRTOS/Source/timers.o
 .bss.pxOverflowTimerList
                0x20001300        0x4 ./Middlewares/Third_Party/FreeRTOS/Source/timers.o
 .bss.xTimerQueue
                0x20001304        0x4 ./Middlewares/Third_Party/FreeRTOS/Source/timers.o
 .bss.xTimerTaskHandle
                0x20001308        0x4 ./Middlewares/Third_Party/FreeRTOS/Source/timers.o
 .bss.xLastTime.2
                0x2000130c        0x4 ./Middlewares/Third_Party/FreeRTOS/Source/timers.o
 .bss.ucStaticTimerQueueStorage.1
                0x20001310       0xa0 ./Middlewares/Third_Party/FreeRTOS/Source/timers.o
 .bss.xStaticTimerQueue.0
                0x200013b0       0x50 ./Middlewares/Third_Party/FreeRTOS/Source/timers.o
 .bss.ucMaxSysCallPriority
                0x20001400        0x1 ./Middlewares/Third_Party/FreeRTOS/Source/portable/GCC/ARM_CM3/port.o
 *fill*         0x20001401        0x3 
 .bss.ulMaxPRIGROUPValue
                0x20001404        0x4 ./Middlewares/Third_Party/FreeRTOS/Source/portable/GCC/ARM_CM3/port.o
 .bss.ucHeap    0x20001408      0xc00 ./Middlewares/Third_Party/FreeRTOS/Source/portable/MemMang/heap_4.o
 .bss.xStart    0x20002008        0x8 ./Middlewares/Third_Party/FreeRTOS/Source/portable/MemMang/heap_4.o
 .bss.pxEnd     0x20002010        0x4 ./Middlewares/Third_Party/FreeRTOS/Source/portable/MemMang/heap_4.o
 .bss.xFreeBytesRemaining
                0x20002014        0x4 ./Middlewares/Third_Party/FreeRTOS/Source/portable/MemMang/heap_4.o
 .bss.xMinimumEverFreeBytesRemaining
                0x20002018        0x4 ./Middlewares/Third_Party/FreeRTOS/Source/portable/MemMang/heap_4.o
 .bss.xNumberOfSuccessfulAllocations
                0x2000201c        0x4 ./Middlewares/Third_Party/FreeRTOS/Source/portable/MemMang/heap_4.o
 .bss.xNumberOfSuccessfulFrees
                0x20002020        0x4 ./Middlewares/Third_Party/FreeRTOS/Source/portable/MemMang/heap_4.o
 .bss.xBlockAllocatedBit
                0x20002024        0x4 ./Middlewares/Third_Party/FreeRTOS/Source/portable/MemMang/heap_4.o
 .bss.__sf      0x20002028      0x138 D:/APP/STM32CubeIDE_1.16.1/STM32CubeIDE/plugins/com.st.stm32cube.ide.mcu.externaltools.gnu-tools-for-stm32.13.3.rel1.win32_1.0.0.202411081344/tools/bin/../lib/gcc/arm-none-eabi/13.3.1/../../../../arm-none-eabi/lib/thumb/v7-m/nofp\libc_nano.a(libc_a-findfp.o)
                0x20002028                __sf
 .bss.__lock___malloc_recursive_mutex
                0x20002160        0x1 D:/APP/STM32CubeIDE_1.16.1/STM32CubeIDE/plugins/com.st.stm32cube.ide.mcu.externaltools.gnu-tools-for-stm32.13.3.rel1.win32_1.0.0.202411081344/tools/bin/../lib/gcc/arm-none-eabi/13.3.1/../../../../arm-none-eabi/lib/thumb/v7-m/nofp\libc_nano.a(libc_a-lock.o)
                0x20002160                __lock___malloc_recursive_mutex
 *fill*         0x20002161        0x3 
 .bss.__malloc_free_list
                0x20002164        0x4 D:/APP/STM32CubeIDE_1.16.1/STM32CubeIDE/plugins/com.st.stm32cube.ide.mcu.externaltools.gnu-tools-for-stm32.13.3.rel1.win32_1.0.0.202411081344/tools/bin/../lib/gcc/arm-none-eabi/13.3.1/../../../../arm-none-eabi/lib/thumb/v7-m/nofp\libc_nano.a(libc_a-mallocr.o)
                0x20002164                __malloc_free_list
 *(COMMON)
                0x20002168                        . = ALIGN (0x4)
                0x20002168                        _ebss = .
                0x20002168                        __bss_end__ = _ebss

._user_heap_stack
                0x20002168      0x600 load address 0x080087c4
                0x20002168                        . = ALIGN (0x8)
                [!provide]                        PROVIDE (end = .)
                0x20002168                        PROVIDE (_end = .)
                0x20002368                        . = (. + _Min_Heap_Size)
 *fill*         0x20002168      0x200 
                0x20002768                        . = (. + _Min_Stack_Size)
 *fill*         0x20002368      0x400 
                0x20002768                        . = ALIGN (0x8)

/DISCARD/
 libc.a(*)
 libm.a(*)
 libgcc.a(*)

.ARM.attributes
                0x00000000       0x29
 *(.ARM.attributes)
 .ARM.attributes
                0x00000000       0x1d D:/APP/STM32CubeIDE_1.16.1/STM32CubeIDE/plugins/com.st.stm32cube.ide.mcu.externaltools.gnu-tools-for-stm32.13.3.rel1.win32_1.0.0.202411081344/tools/bin/../lib/gcc/arm-none-eabi/13.3.1/thumb/v7-m/nofp/crti.o
 .ARM.attributes
                0x0000001d       0x2d D:/APP/STM32CubeIDE_1.16.1/STM32CubeIDE/plugins/com.st.stm32cube.ide.mcu.externaltools.gnu-tools-for-stm32.13.3.rel1.win32_1.0.0.202411081344/tools/bin/../lib/gcc/arm-none-eabi/13.3.1/thumb/v7-m/nofp/crtbegin.o
 .ARM.attributes
                0x0000004a       0x2d ./BSP/ssd1306_u8g2_driver.o
 .ARM.attributes
                0x00000077       0x2d ./Core/Src/freertos.o
 .ARM.attributes
                0x000000a4       0x2d ./Core/Src/gpio.o
 .ARM.attributes
                0x000000d1       0x2d ./Core/Src/main.o
 .ARM.attributes
                0x000000fe       0x2d ./Core/Src/spi.o
 .ARM.attributes
                0x0000012b       0x2d ./Core/Src/stm32f1xx_hal_msp.o
 .ARM.attributes
                0x00000158       0x2d ./Core/Src/stm32f1xx_hal_timebase_tim.o
 .ARM.attributes
                0x00000185       0x2d ./Core/Src/stm32f1xx_it.o
 .ARM.attributes
                0x000001b2       0x2d ./Core/Src/system_stm32f1xx.o
 .ARM.attributes
                0x000001df       0x21 ./Core/Startup/startup_stm32f103c8tx.o
 .ARM.attributes
                0x00000200       0x2d ./Drivers/STM32F1xx_HAL_Driver/Src/stm32f1xx_hal.o
 .ARM.attributes
                0x0000022d       0x2d ./Drivers/STM32F1xx_HAL_Driver/Src/stm32f1xx_hal_cortex.o
 .ARM.attributes
                0x0000025a       0x2d ./Drivers/STM32F1xx_HAL_Driver/Src/stm32f1xx_hal_gpio.o
 .ARM.attributes
                0x00000287       0x2d ./Drivers/STM32F1xx_HAL_Driver/Src/stm32f1xx_hal_rcc.o
 .ARM.attributes
                0x000002b4       0x2d ./Drivers/STM32F1xx_HAL_Driver/Src/stm32f1xx_hal_spi.o
 .ARM.attributes
                0x000002e1       0x2d ./Drivers/STM32F1xx_HAL_Driver/Src/stm32f1xx_hal_tim.o
 .ARM.attributes
                0x0000030e       0x2d ./Drivers/STM32F1xx_HAL_Driver/Src/stm32f1xx_hal_tim_ex.o
 .ARM.attributes
                0x0000033b       0x2d ./MID/UI/pages/ui_page_home.o
 .ARM.attributes
                0x00000368       0x2d ./MID/UI/pages/ui_page_menu.o
 .ARM.attributes
                0x00000395       0x2d ./MID/UI/pages/ui_page_welcome.o
 .ARM.attributes
                0x000003c2       0x2d ./MID/UI/ui.o
 .ARM.attributes
                0x000003ef       0x2d ./MID/UI/ui_animation.o
 .ARM.attributes
                0x0000041c       0x2d ./MID/UI/ui_element.o
 .ARM.attributes
                0x00000449       0x2d ./MID/UI/ui_pages.o
 .ARM.attributes
                0x00000476       0x2d ./MID/u8g2/u8g2_box.o
 .ARM.attributes
                0x000004a3       0x2d ./MID/u8g2/u8g2_buffer.o
 .ARM.attributes
                0x000004d0       0x2d ./MID/u8g2/u8g2_circle.o
 .ARM.attributes
                0x000004fd       0x2d ./MID/u8g2/u8g2_d_memory.o
 .ARM.attributes
                0x0000052a       0x2d ./MID/u8g2/u8g2_d_setup.o
 .ARM.attributes
                0x00000557       0x2d ./MID/u8g2/u8g2_font.o
 .ARM.attributes
                0x00000584       0x2d ./MID/u8g2/u8g2_fonts.o
 .ARM.attributes
                0x000005b1       0x2d ./MID/u8g2/u8g2_hvline.o
 .ARM.attributes
                0x000005de       0x2d ./MID/u8g2/u8g2_intersection.o
 .ARM.attributes
                0x0000060b       0x2d ./MID/u8g2/u8g2_ll_hvline.o
 .ARM.attributes
                0x00000638       0x2d ./MID/u8g2/u8g2_setup.o
 .ARM.attributes
                0x00000665       0x2d ./MID/u8g2/u8x8_8x8.o
 .ARM.attributes
                0x00000692       0x2d ./MID/u8g2/u8x8_byte.o
 .ARM.attributes
                0x000006bf       0x2d ./MID/u8g2/u8x8_cad.o
 .ARM.attributes
                0x000006ec       0x2d ./MID/u8g2/u8x8_d_ssd1306_128x64_noname.o
 .ARM.attributes
                0x00000719       0x2d ./MID/u8g2/u8x8_display.o
 .ARM.attributes
                0x00000746       0x2d ./MID/u8g2/u8x8_gpio.o
 .ARM.attributes
                0x00000773       0x2d ./MID/u8g2/u8x8_setup.o
 .ARM.attributes
                0x000007a0       0x2d ./Middlewares/Third_Party/FreeRTOS/Source/CMSIS_RTOS_V2/cmsis_os2.o
 .ARM.attributes
                0x000007cd       0x2d ./Middlewares/Third_Party/FreeRTOS/Source/list.o
 .ARM.attributes
                0x000007fa       0x2d ./Middlewares/Third_Party/FreeRTOS/Source/queue.o
 .ARM.attributes
                0x00000827       0x2d ./Middlewares/Third_Party/FreeRTOS/Source/tasks.o
 .ARM.attributes
                0x00000854       0x2d ./Middlewares/Third_Party/FreeRTOS/Source/timers.o
 .ARM.attributes
                0x00000881       0x2d ./Middlewares/Third_Party/FreeRTOS/Source/portable/GCC/ARM_CM3/port.o
 .ARM.attributes
                0x000008ae       0x2d ./Middlewares/Third_Party/FreeRTOS/Source/portable/MemMang/heap_4.o
 .ARM.attributes
                0x000008db       0x2d D:/APP/STM32CubeIDE_1.16.1/STM32CubeIDE/plugins/com.st.stm32cube.ide.mcu.externaltools.gnu-tools-for-stm32.13.3.rel1.win32_1.0.0.202411081344/tools/bin/../lib/gcc/arm-none-eabi/13.3.1/../../../../arm-none-eabi/lib/thumb/v7-m/nofp\libc_nano.a(libc_a-findfp.o)
 .ARM.attributes
                0x00000908       0x2d D:/APP/STM32CubeIDE_1.16.1/STM32CubeIDE/plugins/com.st.stm32cube.ide.mcu.externaltools.gnu-tools-for-stm32.13.3.rel1.win32_1.0.0.202411081344/tools/bin/../lib/gcc/arm-none-eabi/13.3.1/../../../../arm-none-eabi/lib/thumb/v7-m/nofp\libc_nano.a(libc_a-memset.o)
 .ARM.attributes
                0x00000935       0x2d D:/APP/STM32CubeIDE_1.16.1/STM32CubeIDE/plugins/com.st.stm32cube.ide.mcu.externaltools.gnu-tools-for-stm32.13.3.rel1.win32_1.0.0.202411081344/tools/bin/../lib/gcc/arm-none-eabi/13.3.1/../../../../arm-none-eabi/lib/thumb/v7-m/nofp\libc_nano.a(libc_a-reent.o)
 .ARM.attributes
                0x00000962       0x2d D:/APP/STM32CubeIDE_1.16.1/STM32CubeIDE/plugins/com.st.stm32cube.ide.mcu.externaltools.gnu-tools-for-stm32.13.3.rel1.win32_1.0.0.202411081344/tools/bin/../lib/gcc/arm-none-eabi/13.3.1/../../../../arm-none-eabi/lib/thumb/v7-m/nofp\libc_nano.a(libc_a-impure.o)
 .ARM.attributes
                0x0000098f       0x2d D:/APP/STM32CubeIDE_1.16.1/STM32CubeIDE/plugins/com.st.stm32cube.ide.mcu.externaltools.gnu-tools-for-stm32.13.3.rel1.win32_1.0.0.202411081344/tools/bin/../lib/gcc/arm-none-eabi/13.3.1/../../../../arm-none-eabi/lib/thumb/v7-m/nofp\libc_nano.a(libc_a-init.o)
 .ARM.attributes
                0x000009bc       0x2d D:/APP/STM32CubeIDE_1.16.1/STM32CubeIDE/plugins/com.st.stm32cube.ide.mcu.externaltools.gnu-tools-for-stm32.13.3.rel1.win32_1.0.0.202411081344/tools/bin/../lib/gcc/arm-none-eabi/13.3.1/../../../../arm-none-eabi/lib/thumb/v7-m/nofp\libc_nano.a(libc_a-lock.o)
 .ARM.attributes
                0x000009e9       0x2d D:/APP/STM32CubeIDE_1.16.1/STM32CubeIDE/plugins/com.st.stm32cube.ide.mcu.externaltools.gnu-tools-for-stm32.13.3.rel1.win32_1.0.0.202411081344/tools/bin/../lib/gcc/arm-none-eabi/13.3.1/../../../../arm-none-eabi/lib/thumb/v7-m/nofp\libc_nano.a(libc_a-memcpy-stub.o)
 .ARM.attributes
                0x00000a16       0x2d D:/APP/STM32CubeIDE_1.16.1/STM32CubeIDE/plugins/com.st.stm32cube.ide.mcu.externaltools.gnu-tools-for-stm32.13.3.rel1.win32_1.0.0.202411081344/tools/bin/../lib/gcc/arm-none-eabi/13.3.1/../../../../arm-none-eabi/lib/thumb/v7-m/nofp\libc_nano.a(libc_a-freer.o)
 .ARM.attributes
                0x00000a43       0x2d D:/APP/STM32CubeIDE_1.16.1/STM32CubeIDE/plugins/com.st.stm32cube.ide.mcu.externaltools.gnu-tools-for-stm32.13.3.rel1.win32_1.0.0.202411081344/tools/bin/../lib/gcc/arm-none-eabi/13.3.1/../../../../arm-none-eabi/lib/thumb/v7-m/nofp\libc_nano.a(libc_a-mallocr.o)
 .ARM.attributes
                0x00000a70       0x2d D:/APP/STM32CubeIDE_1.16.1/STM32CubeIDE/plugins/com.st.stm32cube.ide.mcu.externaltools.gnu-tools-for-stm32.13.3.rel1.win32_1.0.0.202411081344/tools/bin/../lib/gcc/arm-none-eabi/13.3.1/../../../../arm-none-eabi/lib/thumb/v7-m/nofp\libc_nano.a(libc_a-mlock.o)
 .ARM.attributes
                0x00000a9d       0x1d D:/APP/STM32CubeIDE_1.16.1/STM32CubeIDE/plugins/com.st.stm32cube.ide.mcu.externaltools.gnu-tools-for-stm32.13.3.rel1.win32_1.0.0.202411081344/tools/bin/../lib/gcc/arm-none-eabi/13.3.1/thumb/v7-m/nofp\libgcc.a(_arm_mulsf3.o)
 .ARM.attributes
                0x00000aba       0x1d D:/APP/STM32CubeIDE_1.16.1/STM32CubeIDE/plugins/com.st.stm32cube.ide.mcu.externaltools.gnu-tools-for-stm32.13.3.rel1.win32_1.0.0.202411081344/tools/bin/../lib/gcc/arm-none-eabi/13.3.1/thumb/v7-m/nofp\libgcc.a(_arm_addsubdf3.o)
 .ARM.attributes
                0x00000ad7       0x1d D:/APP/STM32CubeIDE_1.16.1/STM32CubeIDE/plugins/com.st.stm32cube.ide.mcu.externaltools.gnu-tools-for-stm32.13.3.rel1.win32_1.0.0.202411081344/tools/bin/../lib/gcc/arm-none-eabi/13.3.1/thumb/v7-m/nofp\libgcc.a(_arm_truncdfsf2.o)
 .ARM.attributes
                0x00000af4       0x1d D:/APP/STM32CubeIDE_1.16.1/STM32CubeIDE/plugins/com.st.stm32cube.ide.mcu.externaltools.gnu-tools-for-stm32.13.3.rel1.win32_1.0.0.202411081344/tools/bin/../lib/gcc/arm-none-eabi/13.3.1/thumb/v7-m/nofp\libgcc.a(_arm_addsubsf3.o)
 .ARM.attributes
                0x00000b11       0x1d D:/APP/STM32CubeIDE_1.16.1/STM32CubeIDE/plugins/com.st.stm32cube.ide.mcu.externaltools.gnu-tools-for-stm32.13.3.rel1.win32_1.0.0.202411081344/tools/bin/../lib/gcc/arm-none-eabi/13.3.1/thumb/v7-m/nofp\libgcc.a(_arm_cmpsf2.o)
 .ARM.attributes
                0x00000b2e       0x1d D:/APP/STM32CubeIDE_1.16.1/STM32CubeIDE/plugins/com.st.stm32cube.ide.mcu.externaltools.gnu-tools-for-stm32.13.3.rel1.win32_1.0.0.202411081344/tools/bin/../lib/gcc/arm-none-eabi/13.3.1/thumb/v7-m/nofp\libgcc.a(_arm_fixsfsi.o)
 .ARM.attributes
                0x00000b4b       0x1d D:/APP/STM32CubeIDE_1.16.1/STM32CubeIDE/plugins/com.st.stm32cube.ide.mcu.externaltools.gnu-tools-for-stm32.13.3.rel1.win32_1.0.0.202411081344/tools/bin/../lib/gcc/arm-none-eabi/13.3.1/thumb/v7-m/nofp\libgcc.a(_arm_fixunssfsi.o)
 .ARM.attributes
                0x00000b68       0x1d D:/APP/STM32CubeIDE_1.16.1/STM32CubeIDE/plugins/com.st.stm32cube.ide.mcu.externaltools.gnu-tools-for-stm32.13.3.rel1.win32_1.0.0.202411081344/tools/bin/../lib/gcc/arm-none-eabi/13.3.1/thumb/v7-m/nofp/crtn.o
OUTPUT(SmartWatch_HAL.elf elf32-littlearm)
LOAD linker stubs
LOAD D:/APP/STM32CubeIDE_1.16.1/STM32CubeIDE/plugins/com.st.stm32cube.ide.mcu.externaltools.gnu-tools-for-stm32.13.3.rel1.win32_1.0.0.202411081344/tools/bin/../lib/gcc/arm-none-eabi/13.3.1/../../../../arm-none-eabi/lib/thumb/v7-m/nofp\libc.a
LOAD D:/APP/STM32CubeIDE_1.16.1/STM32CubeIDE/plugins/com.st.stm32cube.ide.mcu.externaltools.gnu-tools-for-stm32.13.3.rel1.win32_1.0.0.202411081344/tools/bin/../lib/gcc/arm-none-eabi/13.3.1/../../../../arm-none-eabi/lib/thumb/v7-m/nofp\libm.a
LOAD D:/APP/STM32CubeIDE_1.16.1/STM32CubeIDE/plugins/com.st.stm32cube.ide.mcu.externaltools.gnu-tools-for-stm32.13.3.rel1.win32_1.0.0.202411081344/tools/bin/../lib/gcc/arm-none-eabi/13.3.1/thumb/v7-m/nofp\libgcc.a

.debug_info     0x00000000    0x375e7
 .debug_info    0x00000000      0x9e3 ./BSP/ssd1306_u8g2_driver.o
 .debug_info    0x000009e3      0xe08 ./Core/Src/freertos.o
 .debug_info    0x000017eb      0x44e ./Core/Src/gpio.o
 .debug_info    0x00001c39      0x88f ./Core/Src/main.o
 .debug_info    0x000024c8      0x7bc ./Core/Src/spi.o
 .debug_info    0x00002c84      0x361 ./Core/Src/stm32f1xx_hal_msp.o
 .debug_info    0x00002fe5      0x99a ./Core/Src/stm32f1xx_hal_timebase_tim.o
 .debug_info    0x0000397f      0x7d8 ./Core/Src/stm32f1xx_it.o
 .debug_info    0x00004157      0x222 ./Core/Src/system_stm32f1xx.o
 .debug_info    0x00004379       0x30 ./Core/Startup/startup_stm32f103c8tx.o
 .debug_info    0x000043a9      0x704 ./Drivers/STM32F1xx_HAL_Driver/Src/stm32f1xx_hal.o
 .debug_info    0x00004aad      0xa87 ./Drivers/STM32F1xx_HAL_Driver/Src/stm32f1xx_hal_cortex.o
 .debug_info    0x00005534      0x5ab ./Drivers/STM32F1xx_HAL_Driver/Src/stm32f1xx_hal_gpio.o
 .debug_info    0x00005adf      0x7d5 ./Drivers/STM32F1xx_HAL_Driver/Src/stm32f1xx_hal_rcc.o
 .debug_info    0x000062b4     0x142d ./Drivers/STM32F1xx_HAL_Driver/Src/stm32f1xx_hal_spi.o
 .debug_info    0x000076e1     0x2959 ./Drivers/STM32F1xx_HAL_Driver/Src/stm32f1xx_hal_tim.o
 .debug_info    0x0000a03a     0x149b ./Drivers/STM32F1xx_HAL_Driver/Src/stm32f1xx_hal_tim_ex.o
 .debug_info    0x0000b4d5      0x1b2 ./MID/UI/pages/ui_page_home.o
 .debug_info    0x0000b687      0x1b2 ./MID/UI/pages/ui_page_menu.o
 .debug_info    0x0000b839      0xa0f ./MID/UI/pages/ui_page_welcome.o
 .debug_info    0x0000c248      0xa4e ./MID/UI/ui.o
 .debug_info    0x0000cc96      0x2e8 ./MID/UI/ui_animation.o
 .debug_info    0x0000cf7e      0xa55 ./MID/UI/ui_element.o
 .debug_info    0x0000d9d3      0x9ed ./MID/UI/ui_pages.o
 .debug_info    0x0000e3c0      0xb37 ./MID/u8g2/u8g2_box.o
 .debug_info    0x0000eef7      0xc99 ./MID/u8g2/u8g2_buffer.o
 .debug_info    0x0000fb90      0xef7 ./MID/u8g2/u8g2_circle.o
 .debug_info    0x00010a87       0xdf ./MID/u8g2/u8g2_d_memory.o
 .debug_info    0x00010b66      0x968 ./MID/u8g2/u8g2_d_setup.o
 .debug_info    0x000114ce     0x179e ./MID/u8g2/u8g2_font.o
 .debug_info    0x00012c6c    0x1391b ./MID/u8g2/u8g2_fonts.o
 .debug_info    0x00026587      0xa45 ./MID/u8g2/u8g2_hvline.o
 .debug_info    0x00026fcc      0x8d7 ./MID/u8g2/u8g2_intersection.o
 .debug_info    0x000278a3      0x974 ./MID/u8g2/u8g2_ll_hvline.o
 .debug_info    0x00028217      0xff3 ./MID/u8g2/u8g2_setup.o
 .debug_info    0x0002920a      0xbb7 ./MID/u8g2/u8x8_8x8.o
 .debug_info    0x00029dc1      0xa44 ./MID/u8g2/u8x8_byte.o
 .debug_info    0x0002a805      0xb8b ./MID/u8g2/u8x8_cad.o
 .debug_info    0x0002b390      0x7bc ./MID/u8g2/u8x8_d_ssd1306_128x64_noname.o
 .debug_info    0x0002bb4c      0x691 ./MID/u8g2/u8x8_display.o
 .debug_info    0x0002c1dd      0x385 ./MID/u8g2/u8x8_gpio.o
 .debug_info    0x0002c562      0x4b7 ./MID/u8g2/u8x8_setup.o
 .debug_info    0x0002ca19     0x402c ./Middlewares/Third_Party/FreeRTOS/Source/CMSIS_RTOS_V2/cmsis_os2.o
 .debug_info    0x00030a45      0x2af ./Middlewares/Third_Party/FreeRTOS/Source/list.o
 .debug_info    0x00030cf4     0x1b79 ./Middlewares/Third_Party/FreeRTOS/Source/queue.o
 .debug_info    0x0003286d     0x28c1 ./Middlewares/Third_Party/FreeRTOS/Source/tasks.o
 .debug_info    0x0003512e     0x1b50 ./Middlewares/Third_Party/FreeRTOS/Source/timers.o
 .debug_info    0x00036c7e      0x494 ./Middlewares/Third_Party/FreeRTOS/Source/portable/GCC/ARM_CM3/port.o
 .debug_info    0x00037112      0x4d5 ./Middlewares/Third_Party/FreeRTOS/Source/portable/MemMang/heap_4.o

.debug_abbrev   0x00000000     0x5d57
 .debug_abbrev  0x00000000      0x1df ./BSP/ssd1306_u8g2_driver.o
 .debug_abbrev  0x000001df      0x21c ./Core/Src/freertos.o
 .debug_abbrev  0x000003fb      0x161 ./Core/Src/gpio.o
 .debug_abbrev  0x0000055c      0x22e ./Core/Src/main.o
 .debug_abbrev  0x0000078a      0x1e7 ./Core/Src/spi.o
 .debug_abbrev  0x00000971      0x11c ./Core/Src/stm32f1xx_hal_msp.o
 .debug_abbrev  0x00000a8d      0x1f3 ./Core/Src/stm32f1xx_hal_timebase_tim.o
 .debug_abbrev  0x00000c80      0x1d6 ./Core/Src/stm32f1xx_it.o
 .debug_abbrev  0x00000e56      0x13f ./Core/Src/system_stm32f1xx.o
 .debug_abbrev  0x00000f95       0x24 ./Core/Startup/startup_stm32f103c8tx.o
 .debug_abbrev  0x00000fb9      0x201 ./Drivers/STM32F1xx_HAL_Driver/Src/stm32f1xx_hal.o
 .debug_abbrev  0x000011ba      0x2f8 ./Drivers/STM32F1xx_HAL_Driver/Src/stm32f1xx_hal_cortex.o
 .debug_abbrev  0x000014b2      0x1ca ./Drivers/STM32F1xx_HAL_Driver/Src/stm32f1xx_hal_gpio.o
 .debug_abbrev  0x0000167c      0x2b3 ./Drivers/STM32F1xx_HAL_Driver/Src/stm32f1xx_hal_rcc.o
 .debug_abbrev  0x0000192f      0x27a ./Drivers/STM32F1xx_HAL_Driver/Src/stm32f1xx_hal_spi.o
 .debug_abbrev  0x00001ba9      0x277 ./Drivers/STM32F1xx_HAL_Driver/Src/stm32f1xx_hal_tim.o
 .debug_abbrev  0x00001e20      0x282 ./Drivers/STM32F1xx_HAL_Driver/Src/stm32f1xx_hal_tim_ex.o
 .debug_abbrev  0x000020a2       0xdc ./MID/UI/pages/ui_page_home.o
 .debug_abbrev  0x0000217e       0xdc ./MID/UI/pages/ui_page_menu.o
 .debug_abbrev  0x0000225a      0x1b3 ./MID/UI/pages/ui_page_welcome.o
 .debug_abbrev  0x0000240d      0x199 ./MID/UI/ui.o
 .debug_abbrev  0x000025a6      0x152 ./MID/UI/ui_animation.o
 .debug_abbrev  0x000026f8      0x1c2 ./MID/UI/ui_element.o
 .debug_abbrev  0x000028ba      0x19e ./MID/UI/ui_pages.o
 .debug_abbrev  0x00002a58      0x196 ./MID/u8g2/u8g2_box.o
 .debug_abbrev  0x00002bee      0x1d4 ./MID/u8g2/u8g2_buffer.o
 .debug_abbrev  0x00002dc2      0x21c ./MID/u8g2/u8g2_circle.o
 .debug_abbrev  0x00002fde       0x93 ./MID/u8g2/u8g2_d_memory.o
 .debug_abbrev  0x00003071      0x152 ./MID/u8g2/u8g2_d_setup.o
 .debug_abbrev  0x000031c3      0x2dc ./MID/u8g2/u8g2_font.o
 .debug_abbrev  0x0000349f       0xb5 ./MID/u8g2/u8g2_fonts.o
 .debug_abbrev  0x00003554      0x161 ./MID/u8g2/u8g2_hvline.o
 .debug_abbrev  0x000036b5      0x132 ./MID/u8g2/u8g2_intersection.o
 .debug_abbrev  0x000037e7      0x154 ./MID/u8g2/u8g2_ll_hvline.o
 .debug_abbrev  0x0000393b      0x25f ./MID/u8g2/u8g2_setup.o
 .debug_abbrev  0x00003b9a      0x251 ./MID/u8g2/u8x8_8x8.o
 .debug_abbrev  0x00003deb      0x1fc ./MID/u8g2/u8x8_byte.o
 .debug_abbrev  0x00003fe7      0x21a ./MID/u8g2/u8x8_cad.o
 .debug_abbrev  0x00004201      0x1b9 ./MID/u8g2/u8x8_d_ssd1306_128x64_noname.o
 .debug_abbrev  0x000043ba      0x182 ./MID/u8g2/u8x8_display.o
 .debug_abbrev  0x0000453c       0xe8 ./MID/u8g2/u8x8_gpio.o
 .debug_abbrev  0x00004624      0x165 ./MID/u8g2/u8x8_setup.o
 .debug_abbrev  0x00004789      0x548 ./Middlewares/Third_Party/FreeRTOS/Source/CMSIS_RTOS_V2/cmsis_os2.o
 .debug_abbrev  0x00004cd1       0xf5 ./Middlewares/Third_Party/FreeRTOS/Source/list.o
 .debug_abbrev  0x00004dc6      0x3b6 ./Middlewares/Third_Party/FreeRTOS/Source/queue.o
 .debug_abbrev  0x0000517c      0x3fe ./Middlewares/Third_Party/FreeRTOS/Source/tasks.o
 .debug_abbrev  0x0000557a      0x368 ./Middlewares/Third_Party/FreeRTOS/Source/timers.o
 .debug_abbrev  0x000058e2      0x258 ./Middlewares/Third_Party/FreeRTOS/Source/portable/GCC/ARM_CM3/port.o
 .debug_abbrev  0x00005b3a      0x21d ./Middlewares/Third_Party/FreeRTOS/Source/portable/MemMang/heap_4.o

.debug_aranges  0x00000000     0x1d00
 .debug_aranges
                0x00000000       0x28 ./BSP/ssd1306_u8g2_driver.o
 .debug_aranges
                0x00000028       0x30 ./Core/Src/freertos.o
 .debug_aranges
                0x00000058       0x20 ./Core/Src/gpio.o
 .debug_aranges
                0x00000078       0x38 ./Core/Src/main.o
 .debug_aranges
                0x000000b0       0x30 ./Core/Src/spi.o
 .debug_aranges
                0x000000e0       0x20 ./Core/Src/stm32f1xx_hal_msp.o
 .debug_aranges
                0x00000100       0x30 ./Core/Src/stm32f1xx_hal_timebase_tim.o
 .debug_aranges
                0x00000130       0x70 ./Core/Src/stm32f1xx_it.o
 .debug_aranges
                0x000001a0       0x28 ./Core/Src/system_stm32f1xx.o
 .debug_aranges
                0x000001c8       0x28 ./Core/Startup/startup_stm32f103c8tx.o
 .debug_aranges
                0x000001f0       0xe0 ./Drivers/STM32F1xx_HAL_Driver/Src/stm32f1xx_hal.o
 .debug_aranges
                0x000002d0      0x100 ./Drivers/STM32F1xx_HAL_Driver/Src/stm32f1xx_hal_cortex.o
 .debug_aranges
                0x000003d0       0x58 ./Drivers/STM32F1xx_HAL_Driver/Src/stm32f1xx_hal_gpio.o
 .debug_aranges
                0x00000428       0x90 ./Drivers/STM32F1xx_HAL_Driver/Src/stm32f1xx_hal_rcc.o
 .debug_aranges
                0x000004b8      0x1d0 ./Drivers/STM32F1xx_HAL_Driver/Src/stm32f1xx_hal_spi.o
 .debug_aranges
                0x00000688      0x3d0 ./Drivers/STM32F1xx_HAL_Driver/Src/stm32f1xx_hal_tim.o
 .debug_aranges
                0x00000a58      0x168 ./Drivers/STM32F1xx_HAL_Driver/Src/stm32f1xx_hal_tim_ex.o
 .debug_aranges
                0x00000bc0       0x20 ./MID/UI/pages/ui_page_home.o
 .debug_aranges
                0x00000be0       0x20 ./MID/UI/pages/ui_page_menu.o
 .debug_aranges
                0x00000c00       0x20 ./MID/UI/pages/ui_page_welcome.o
 .debug_aranges
                0x00000c20       0x20 ./MID/UI/ui.o
 .debug_aranges
                0x00000c40       0x48 ./MID/UI/ui_animation.o
 .debug_aranges
                0x00000c88       0x20 ./MID/UI/ui_element.o
 .debug_aranges
                0x00000ca8       0x20 ./MID/UI/ui_pages.o
 .debug_aranges
                0x00000cc8       0x38 ./MID/u8g2/u8g2_box.o
 .debug_aranges
                0x00000d00       0x80 ./MID/u8g2/u8g2_buffer.o
 .debug_aranges
                0x00000d80       0x78 ./MID/u8g2/u8g2_circle.o
 .debug_aranges
                0x00000df8       0x20 ./MID/u8g2/u8g2_d_memory.o
 .debug_aranges
                0x00000e18       0x20 ./MID/u8g2/u8g2_d_setup.o
 .debug_aranges
                0x00000e38      0x198 ./MID/u8g2/u8g2_font.o
 .debug_aranges
                0x00000fd0       0x18 ./MID/u8g2/u8g2_fonts.o
 .debug_aranges
                0x00000fe8       0x50 ./MID/u8g2/u8g2_hvline.o
 .debug_aranges
                0x00001038       0x28 ./MID/u8g2/u8g2_intersection.o
 .debug_aranges
                0x00001060       0x28 ./MID/u8g2/u8g2_ll_hvline.o
 .debug_aranges
                0x00001088       0xc8 ./MID/u8g2/u8g2_setup.o
 .debug_aranges
                0x00001150       0xc8 ./MID/u8g2/u8x8_8x8.o
 .debug_aranges
                0x00001218       0xe0 ./MID/u8g2/u8x8_byte.o
 .debug_aranges
                0x000012f8       0xc8 ./MID/u8g2/u8x8_cad.o
 .debug_aranges
                0x000013c0       0x50 ./MID/u8g2/u8x8_d_ssd1306_128x64_noname.o
 .debug_aranges
                0x00001410       0x88 ./MID/u8g2/u8x8_display.o
 .debug_aranges
                0x00001498       0x20 ./MID/u8g2/u8x8_gpio.o
 .debug_aranges
                0x000014b8       0x38 ./MID/u8g2/u8x8_setup.o
 .debug_aranges